******************************************************************************
            TI ARM Clang Linker PC v4.0.3                      
******************************************************************************
>> Linked Wed Jul 30 10:17:49 2025

OUTPUT FILE NAME:   <mspm0-modules.out>
ENTRY POINT SYMBOL: "_c_int00_noargs"  address: 00001945


MEMORY CONFIGURATION

         name            origin    length      used     unused   attr    fill
----------------------  --------  ---------  --------  --------  ----  --------
  FLASH                 00000000   00020000  000027a0  0001d860  R  X
  SRAM                  20200000   00008000  000002ff  00007d01  RW X
  BCR_CONFIG            41c00000   000000ff  00000000  000000ff  R   
  BSL_CONFIG            41c00100   00000080  00000000  00000080  R   


SEGMENT ALLOCATION MAP

run origin  load origin   length   init length attrs members
----------  ----------- ---------- ----------- ----- -------
00000000    00000000    000027a0   000027a0    r-x
  00000000    00000000    000000c0   000000c0    r-- .intvecs
  000000c0    000000c0    00001e40   00001e40    r-x .text
  00001f00    00001f00    00000868   00000868    r-- .rodata
  00002768    00002768    00000038   00000038    r-- .cinit
20200000    20200000    000000ff   00000000    rw-
  20200000    20200000    000000d4   00000000    rw- .bss
  202000d4    202000d4    0000002b   00000000    rw- .data
20207e00    20207e00    00000200   00000000    rw-
  20207e00    20207e00    00000200   00000000    rw- .stack


SECTION ALLOCATION MAP

 output                                  attributes/
section   page    origin      length       input sections
--------  ----  ----------  ----------   ----------------
.intvecs   0    00000000    000000c0     
                  00000000    000000c0     startup_mspm0g350x_ticlang.o (.intvecs)

.text      0    000000c0    00001e40     
                  000000c0    0000027c     servo.o (.text.Servo_TrackPID)
                  0000033c    00000118     oled_hardware_i2c.o (.text.OLED_ShowChar)
                  00000454    00000110     oled_hardware_i2c.o (.text.OLED_Init)
                  00000564    00000104     driverlib.a : dl_timer.o (.text.DL_Timer_initFourCCPWMMode)
                  00000668    000000f6     oled_hardware_i2c.o (.text.OLED_ShowNum)
                  0000075e    00000002     libclang_rt.builtins.a : aeabi_div0.c.obj (.text.__aeabi_idiv0)
                  00000760    000000e8     main.o (.text.UART2_IRQHandler)
                  00000848    000000dc     driverlib.a : dl_sysctl_mspm0g1x0x_g3x0x.o (.text.DL_SYSCTL_configSYSPLL)
                  00000924    000000d8     main.o (.text.main)
                  000009fc    000000d8     libclang_rt.builtins.a : addsf3.S.obj (.text)
                  00000ad4    00000098     oled_hardware_i2c.o (.text.OLED_WR_Byte)
                  00000b6c    00000090     ti_msp_dl_config.o (.text.SYSCFG_DL_PWM_SERVO_init)
                  00000bfc    0000008c     libclang_rt.builtins.a : mulsf3.S.obj (.text.__mulsf3)
                  00000c88    00000084     ti_msp_dl_config.o (.text.SYSCFG_DL_GPIO_init)
                  00000d0c    00000084     clock.o (.text.__NVIC_SetPriority)
                  00000d90    0000007c     libc.a : copy_decompress_lzss.c.obj (.text:decompress:lzss)
                  00000e0c    00000070     oled_hardware_i2c.o (.text.OLED_ShowString)
                  00000e7c    0000006a     oled_hardware_i2c.o (.text.OLED_Clear)
                  00000ee6    00000002     --HOLE-- [fill = 0]
                  00000ee8    00000068     ti_msp_dl_config.o (.text.SYSCFG_DL_initPower)
                  00000f50    00000064     servo.o (.text.Servo_PID_Init)
                  00000fb4    00000062     libclang_rt.builtins.a : aeabi_fcmp.S.obj (.text.__aeabi_fcmp)
                  00001016    00000002     --HOLE-- [fill = 0]
                  00001018    00000060     oled_hardware_i2c.o (.text.oled_i2c_sda_unlock)
                  00001078    0000005e     driverlib.a : dl_i2c.o (.text.DL_I2C_fillControllerTXFIFO)
                  000010d6    00000002     --HOLE-- [fill = 0]
                  000010d8    0000005c     oled_hardware_i2c.o (.text.mspm0_i2c_enable)
                  00001134    00000058     ti_msp_dl_config.o (.text.SYSCFG_DL_I2C_OLED_init)
                  0000118c    00000056     libclang_rt.builtins.a : aeabi_idivmod.S.obj (.text.__aeabi_idivmod)
                  000011e2    00000002     --HOLE-- [fill = 0]
                  000011e4    00000050     oled_hardware_i2c.o (.text.DL_I2C_startControllerTransfer)
                  00001234    00000050     clock.o (.text.SysTick_Config)
                  00001284    0000004c     ti_msp_dl_config.o (.text.DL_UART_setBaudRateDivisor)
                  000012d0    0000004c     ti_msp_dl_config.o (.text.SYSCFG_DL_UART_OPENMV_init)
                  0000131c    00000048     driverlib.a : dl_uart.o (.text.DL_UART_init)
                  00001364    00000044                 : dl_sysctl_mspm0g1x0x_g3x0x.o (.text.DL_SYSCTL_switchMCLKfromSYSOSCtoHSCLK)
                  000013a8    00000044     oled_hardware_i2c.o (.text.mspm0_i2c_disable)
                  000013ec    00000040     servo.o (.text.Servo_xSetAngle)
                  0000142c    00000040     libclang_rt.builtins.a : aeabi_uidivmod.S.obj (.text.__aeabi_uidivmod)
                  0000146c    0000003c     oled_hardware_i2c.o (.text.DL_GPIO_initPeripheralInputFunctionFeatures)
                  000014a8    0000003c     ti_msp_dl_config.o (.text.DL_GPIO_initPeripheralInputFunctionFeatures)
                  000014e4    0000003c     ti_msp_dl_config.o (.text.DL_Timer_setCounterControl)
                  00001520    0000003c     oled_hardware_i2c.o (.text.OLED_Set_Pos)
                  0000155c    0000003c     ti_msp_dl_config.o (.text.SYSCFG_DL_SYSCTL_init)
                  00001598    0000003c     servo.o (.text.Servo_ySetAngle)
                  000015d4    0000003c     libclang_rt.builtins.a : floatsisf.S.obj (.text.__floatsisf)
                  00001610    0000003c                            : comparesf2.S.obj (.text.__gtsf2)
                  0000164c    0000003c     libc.a : autoinit.c.obj (.text:__TI_auto_init_nobinit_nopinit)
                  00001688    0000003a     libclang_rt.builtins.a : comparesf2.S.obj (.text.__eqsf2)
                  000016c2    00000002     --HOLE-- [fill = 0]
                  000016c4    0000003a                            : muldsi3.S.obj (.text.__muldsi3)
                  000016fe    00000002     --HOLE-- [fill = 0]
                  00001700    00000038                            : fixsfsi.S.obj (.text.__fixsfsi)
                  00001738    00000034     oled_hardware_i2c.o (.text.DL_GPIO_initDigitalInputFeatures)
                  0000176c    00000030     clock.o (.text.mspm0_delay_ms)
                  0000179c    00000030     oled_hardware_i2c.o (.text.oled_pow)
                  000017cc    0000002c     main.o (.text.__NVIC_ClearPendingIRQ)
                  000017f8    0000002c     interrupt.o (.text.__NVIC_EnableIRQ)
                  00001824    0000002c     main.o (.text.__NVIC_EnableIRQ)
                  00001850    0000002c     clock.o (.text.mspm0_get_clock_ms)
                  0000187c    00000028     oled_hardware_i2c.o (.text.DL_Common_updateReg)
                  000018a4    00000028     ti_msp_dl_config.o (.text.DL_Common_updateReg)
                  000018cc    00000028     ti_msp_dl_config.o (.text.DL_I2C_setControllerRXFIFOThreshold)
                  000018f4    00000028     ti_msp_dl_config.o (.text.DL_I2C_setControllerTXFIFOThreshold)
                  0000191c    00000028     ti_msp_dl_config.o (.text.SYSCFG_DL_init)
                  00001944    00000028     libc.a : boot_cortex_m.c.obj (.text:_c_int00_noargs)
                  0000196c    00000026     ti_msp_dl_config.o (.text.DL_I2C_setAnalogGlitchFilterPulseWidth)
                  00001992    00000026     driverlib.a : dl_i2c.o (.text.DL_I2C_setClockConfig)
                  000019b8    00000020     ti_msp_dl_config.o (.text.DL_GPIO_initPeripheralInputFunction)
                  000019d8    00000020     ti_msp_dl_config.o (.text.DL_SYSCTL_setFlashWaitState)
                  000019f8    0000001e     ti_msp_dl_config.o (.text.DL_UART_setOversampling)
                  00001a16    00000002     --HOLE-- [fill = 0]
                  00001a18    0000001c     oled_hardware_i2c.o (.text.DL_GPIO_enableHiZ)
                  00001a34    0000001c     ti_msp_dl_config.o (.text.DL_GPIO_enableHiZ)
                  00001a50    0000001c     ti_msp_dl_config.o (.text.DL_GPIO_initPeripheralOutputFunction)
                  00001a6c    0000001c     oled_hardware_i2c.o (.text.DL_I2C_getSDAStatus)
                  00001a88    0000001c     interrupt.o (.text.DL_Interrupt_getPendingGroup)
                  00001aa4    0000001c     ti_msp_dl_config.o (.text.DL_SYSCTL_setSYSOSCFreq)
                  00001ac0    0000001c     ti_msp_dl_config.o (.text.DL_SYSCTL_setULPCLKDivider)
                  00001adc    0000001c     driverlib.a : dl_timer.o (.text.DL_Timer_setCaptCompUpdateMethod)
                  00001af8    0000001c                 : dl_timer.o (.text.DL_Timer_setClockConfig)
                  00001b14    0000001c     ti_msp_dl_config.o (.text.DL_UART_enableInterrupt)
                  00001b30    0000001c     interrupt.o (.text.Interrupt_Init)
                  00001b4c    00000018     oled_hardware_i2c.o (.text.DL_GPIO_enableOutput)
                  00001b64    00000018     ti_msp_dl_config.o (.text.DL_GPIO_enableOutput)
                  00001b7c    00000018     ti_msp_dl_config.o (.text.DL_GPIO_enablePower)
                  00001b94    00000018     oled_hardware_i2c.o (.text.DL_GPIO_initDigitalOutput)
                  00001bac    00000018     ti_msp_dl_config.o (.text.DL_GPIO_reset)
                  00001bc4    00000018     oled_hardware_i2c.o (.text.DL_GPIO_setPins)
                  00001bdc    00000018     oled_hardware_i2c.o (.text.DL_I2C_clearInterruptStatus)
                  00001bf4    00000018     ti_msp_dl_config.o (.text.DL_I2C_enableAnalogGlitchFilter)
                  00001c0c    00000018     ti_msp_dl_config.o (.text.DL_I2C_enableController)
                  00001c24    00000018     ti_msp_dl_config.o (.text.DL_I2C_enableControllerClockStretching)
                  00001c3c    00000018     oled_hardware_i2c.o (.text.DL_I2C_enablePower)
                  00001c54    00000018     ti_msp_dl_config.o (.text.DL_I2C_enablePower)
                  00001c6c    00000018     oled_hardware_i2c.o (.text.DL_I2C_getRawInterruptStatus)
                  00001c84    00000018     oled_hardware_i2c.o (.text.DL_I2C_reset)
                  00001c9c    00000018     ti_msp_dl_config.o (.text.DL_I2C_reset)
                  00001cb4    00000018     ti_msp_dl_config.o (.text.DL_I2C_setTimerPeriod)
                  00001ccc    00000018     ti_msp_dl_config.o (.text.DL_SYSCTL_setBORThreshold)
                  00001ce4    00000018     ti_msp_dl_config.o (.text.DL_Timer_enablePower)
                  00001cfc    00000018     ti_msp_dl_config.o (.text.DL_Timer_reset)
                  00001d14    00000018     driverlib.a : dl_timer.o (.text.DL_Timer_setCaptureCompareOutCtl)
                  00001d2c    00000018     ti_msp_dl_config.o (.text.DL_UART_enablePower)
                  00001d44    00000018     ti_msp_dl_config.o (.text.DL_UART_reset)
                  00001d5c    00000018     clock.o (.text.SysTick_Init)
                  00001d74    00000016     oled_hardware_i2c.o (.text.DL_GPIO_readPins)
                  00001d8a    00000016     ti_msp_dl_config.o (.text.DL_UART_enable)
                  00001da0    00000016     libc.a : copy_zero_init.c.obj (.text:decompress:ZI:__TI_zero_init_nomemset)
                  00001db6    00000014     oled_hardware_i2c.o (.text.DL_GPIO_clearPins)
                  00001dca    00000002     --HOLE-- [fill = 0]
                  00001dcc    00000014     oled_hardware_i2c.o (.text.DL_I2C_getControllerStatus)
                  00001de0    00000014     ti_msp_dl_config.o (.text.DL_I2C_resetControllerTransfer)
                  00001df4    00000014     ti_msp_dl_config.o (.text.DL_SYSCTL_disableSYSPLL)
                  00001e08    00000014     ti_msp_dl_config.o (.text.DL_Timer_enableClock)
                  00001e1c    00000014     ti_msp_dl_config.o (.text.DL_Timer_setCCPDirection)
                  00001e30    00000014     main.o (.text.DL_UART_receiveData)
                  00001e44    00000012     main.o (.text.DL_UART_getPendingInterrupt)
                  00001e56    00000012     driverlib.a : dl_uart.o (.text.DL_UART_setClockConfig)
                  00001e68    00000012     libc.a : memcpy16.S.obj (.text:TI_memcpy_small)
                  00001e7a    00000012            : copy_decompress_none.c.obj (.text:decompress:none)
                  00001e8c    00000010     ti_msp_dl_config.o (.text.DL_SYSCTL_disableHFXT)
                  00001e9c    00000010     driverlib.a : dl_timer.o (.text.DL_Timer_setCaptureCompareValue)
                  00001eac    00000010     interrupt.o (.text.SysTick_Handler)
                  00001ebc    00000010     oled_hardware_i2c.o (.text.delay_ms)
                  00001ecc    0000000a     driverlib.a : dl_common.o (.text.DL_Common_delayCycles)
                  00001ed6    0000000a     interrupt.o (.text.GROUP1_IRQHandler)
                  00001ee0    00000008     libclang_rt.builtins.a : aeabi_memcpy.S.obj (.text.__aeabi_memcpy)
                  00001ee8    00000006     libc.a : exit.c.obj (.text:abort)
                  00001eee    00000004     startup_mspm0g350x_ticlang.o (.text.Default_Handler)
                  00001ef2    00000004     libsysbm.a : hostexit.c.obj (.text.HOSTexit)
                  00001ef6    00000004     startup_mspm0g350x_ticlang.o (.text.Reset_Handler)
                  00001efa    00000004     libc.a : pre_init.c.obj (.text._system_pre_init)
                  00001efe    00000002     --HOLE-- [fill = 0]

.cinit     0    00002768    00000038     
                  00002768    00000011     (.cinit..data.load) [load image, compression = lzss]
                  00002779    00000003     --HOLE-- [fill = 0]
                  0000277c    0000000c     (__TI_handler_table)
                  00002788    00000008     (.cinit..bss.load) [load image, compression = zero_init]
                  00002790    00000010     (__TI_cinit_table)

.rodata    0    00001f00    00000868     
                  00001f00    000005f0     oled_hardware_i2c.o (.rodata.asc2_1608)
                  000024f0    00000228     oled_hardware_i2c.o (.rodata.asc2_0806)
                  00002718    00000028     ti_msp_dl_config.o (.rodata.gSYSPLLConfig)
                  00002740    0000000a     ti_msp_dl_config.o (.rodata.gUART_OPENMVConfig)
                  0000274a    00000002     ti_msp_dl_config.o (.rodata.gI2C_OLEDClockConfig)
                  0000274c    00000008     ti_msp_dl_config.o (.rodata.gPWM_SERVOConfig)
                  00002754    00000008     main.o (.rodata.str1.15159059442110792349.1)
                  0000275c    00000007     main.o (.rodata.str1.8154729771448623357.1)
                  00002763    00000003     ti_msp_dl_config.o (.rodata.gPWM_SERVOClockConfig)
                  00002766    00000002     ti_msp_dl_config.o (.rodata.gUART_OPENMVClockConfig)

.init_array 
*          0    00000000    00000000     UNINITIALIZED

.binit     0    00000000    00000000     

.bss       0    20200000    000000d4     UNINITIALIZED
                  20200000    000000bc     (.common:gPWM_SERVOBackup)
                  202000bc    00000005     (.common:g_uartRxBuffer)
                  202000c1    00000003     --HOLE--
                  202000c4    00000004     (.common:g_servo_angle_x)
                  202000c8    00000004     (.common:g_servo_angle_y)
                  202000cc    00000004     (.common:start_time)
                  202000d0    00000004     (.common:tick_ms)

.data      0    202000d4    0000002b     UNINITIALIZED
                  202000d4    00000008     main.o (.data.g_current_target)
                  202000dc    00000008     main.o (.data.g_laser_coord)
                  202000e4    00000004     servo.o (.data.error_x)
                  202000e8    00000004     servo.o (.data.error_y)
                  202000ec    00000004     servo.o (.data.integral_x)
                  202000f0    00000004     servo.o (.data.integral_y)
                  202000f4    00000004     servo.o (.data.last_error_x)
                  202000f8    00000004     servo.o (.data.last_error_y)
                  202000fc    00000001     interrupt.o (.data.enable_group1_irq)
                  202000fd    00000001     main.o (.data.g_new_data_received)
                  202000fe    00000001     main.o (.data.g_rxIndex)

.stack     0    20207e00    00000200     UNINITIALIZED
                  20207e00    00000004     libc.a : boot_cortex_m.c.obj (.stack)
                  20207e04    000001fc     --HOLE--

__llvm_prf_cnts 
*          0    20200000    00000000     UNINITIALIZED

__llvm_prf_bits 
*          0    20200000    00000000     UNINITIALIZED

MODULE SUMMARY

       Module                         code   ro data   rw data
       ------                         ----   -------   -------
    .\
       ti_msp_dl_config.o             1686   65        188    
       main.o                         574    15        23     
       startup_mspm0g350x_ticlang.o   8      192       0      
    +--+------------------------------+------+---------+---------+
       Total:                         2268   272       211    
                                                              
    .\Drivers\MSPM0\
       clock.o                        328    0         8      
       interrupt.o                    126    0         1      
    +--+------------------------------+------+---------+---------+
       Total:                         454    0         9      
                                                              
    .\Drivers\OLED_Hardware_I2C\
       oled_hardware_i2c.o            2066   2072      0      
    +--+------------------------------+------+---------+---------+
       Total:                         2066   2072      0      
                                                              
    .\Drivers\SERVO\
       servo.o                        860    0         32     
    +--+------------------------------+------+---------+---------+
       Total:                         860    0         32     
                                                              
    D:/TI/mspm0_sdk_2_05_01_00/source/ti/driverlib/lib/ticlang/m0p/mspm0g1x0x_g3x0x/driverlib.a
       dl_timer.o                     356    0         0      
       dl_sysctl_mspm0g1x0x_g3x0x.o   288    0         0      
       dl_i2c.o                       132    0         0      
       dl_uart.o                      90     0         0      
       dl_common.o                    10     0         0      
    +--+------------------------------+------+---------+---------+
       Total:                         876    0         0      
                                                              
    D:\TI\CCS\ccs\tools\compiler\ti-cgt-armllvm_4.0.3.LTS\lib\armv6m-ti-none-eabi/c/libc.a
       copy_decompress_lzss.c.obj     124    0         0      
       autoinit.c.obj                 60     0         0      
       boot_cortex_m.c.obj            40     0         0      
       copy_zero_init.c.obj           22     0         0      
       copy_decompress_none.c.obj     18     0         0      
       memcpy16.S.obj                 18     0         0      
       exit.c.obj                     6      0         0      
       pre_init.c.obj                 4      0         0      
    +--+------------------------------+------+---------+---------+
       Total:                         292    0         0      
                                                              
    D:\TI\CCS\ccs\tools\compiler\ti-cgt-armllvm_4.0.3.LTS\lib\armv6m-ti-none-eabi/c/libsysbm.a
       hostexit.c.obj                 4      0         0      
    +--+------------------------------+------+---------+---------+
       Total:                         4      0         0      
                                                              
    D:\TI\CCS\ccs\tools\compiler\ti-cgt-armllvm_4.0.3.LTS\lib\armv6m-ti-none-eabi/libclang_rt.builtins.a
       addsf3.S.obj                   216    0         0      
       mulsf3.S.obj                   140    0         0      
       comparesf2.S.obj               118    0         0      
       aeabi_fcmp.S.obj               98     0         0      
       aeabi_idivmod.S.obj            86     0         0      
       aeabi_uidivmod.S.obj           64     0         0      
       floatsisf.S.obj                60     0         0      
       muldsi3.S.obj                  58     0         0      
       fixsfsi.S.obj                  56     0         0      
       aeabi_memcpy.S.obj             8      0         0      
       aeabi_div0.c.obj               2      0         0      
    +--+------------------------------+------+---------+---------+
       Total:                         906    0         0      
                                                              
       Stack:                         0      0         512    
       Linker Generated:              0      53        0      
    +--+------------------------------+------+---------+---------+
       Grand Total:                   7726   2397      764    


LINKER GENERATED COPY TABLES

__TI_cinit_table @ 00002790 records: 2, size/record: 8, table size: 16
	.data: load addr=00002768, load size=00000011 bytes, run addr=202000d4, run size=0000002b bytes, compression=lzss
	.bss: load addr=00002788, load size=00000008 bytes, run addr=20200000, run size=000000d4 bytes, compression=zero_init


LINKER GENERATED HANDLER TABLE

__TI_handler_table @ 0000277c records: 3, size/record: 4, table size: 12
	index: 0, handler: __TI_decompress_lzss
	index: 1, handler: __TI_decompress_none
	index: 2, handler: __TI_zero_init


GLOBAL SYMBOLS: SORTED ALPHABETICALLY BY Name 

address   name                                 
-------   ----                                 
00001eef  ADC0_IRQHandler                      
00001eef  ADC1_IRQHandler                      
00001eef  AES_IRQHandler                       
00001ef2  C$$EXIT                              
00001eef  CANFD0_IRQHandler                    
00001eef  DAC0_IRQHandler                      
00001ecd  DL_Common_delayCycles                
00001079  DL_I2C_fillControllerTXFIFO          
00001993  DL_I2C_setClockConfig                
00000849  DL_SYSCTL_configSYSPLL               
00001365  DL_SYSCTL_switchMCLKfromSYSOSCtoHSCLK
00000565  DL_Timer_initFourCCPWMMode           
00001add  DL_Timer_setCaptCompUpdateMethod     
00001d15  DL_Timer_setCaptureCompareOutCtl     
00001e9d  DL_Timer_setCaptureCompareValue      
00001af9  DL_Timer_setClockConfig              
0000131d  DL_UART_init                         
00001e57  DL_UART_setClockConfig               
00001eef  DMA_IRQHandler                       
00001eef  Default_Handler                      
00001eef  GROUP0_IRQHandler                    
00001ed7  GROUP1_IRQHandler                    
00001ef3  HOSTexit                             
00001eef  HardFault_Handler                    
00001eef  I2C0_IRQHandler                      
00001eef  I2C1_IRQHandler                      
00001b31  Interrupt_Init                       
00001eef  NMI_Handler                          
00000e7d  OLED_Clear                           
00000455  OLED_Init                            
00001521  OLED_Set_Pos                         
0000033d  OLED_ShowChar                        
00000669  OLED_ShowNum                         
00000e0d  OLED_ShowString                      
00000ad5  OLED_WR_Byte                         
00001eef  PendSV_Handler                       
00001eef  RTC_IRQHandler                       
00001ef7  Reset_Handler                        
00001eef  SPI0_IRQHandler                      
00001eef  SPI1_IRQHandler                      
00001eef  SVC_Handler                          
00000c89  SYSCFG_DL_GPIO_init                  
00001135  SYSCFG_DL_I2C_OLED_init              
00000b6d  SYSCFG_DL_PWM_SERVO_init             
0000155d  SYSCFG_DL_SYSCTL_init                
000012d1  SYSCFG_DL_UART_OPENMV_init           
0000191d  SYSCFG_DL_init                       
00000ee9  SYSCFG_DL_initPower                  
00000f51  Servo_PID_Init                       
000000c1  Servo_TrackPID                       
000013ed  Servo_xSetAngle                      
00001599  Servo_ySetAngle                      
00001ead  SysTick_Handler                      
00001d5d  SysTick_Init                         
00001eef  TIMA0_IRQHandler                     
00001eef  TIMA1_IRQHandler                     
00001eef  TIMG0_IRQHandler                     
00001eef  TIMG12_IRQHandler                    
00001eef  TIMG6_IRQHandler                     
00001eef  TIMG7_IRQHandler                     
00001eef  TIMG8_IRQHandler                     
00001e69  TI_memcpy_small                      
00001eef  UART0_IRQHandler                     
00001eef  UART1_IRQHandler                     
00000761  UART2_IRQHandler                     
00001eef  UART3_IRQHandler                     
20208000  __STACK_END                          
00000200  __STACK_SIZE                         
00000000  __TI_ATRegion0_region_sz             
00000000  __TI_ATRegion0_src_addr              
00000000  __TI_ATRegion0_trg_addr              
00000000  __TI_ATRegion1_region_sz             
00000000  __TI_ATRegion1_src_addr              
00000000  __TI_ATRegion1_trg_addr              
00000000  __TI_ATRegion2_region_sz             
00000000  __TI_ATRegion2_src_addr              
00000000  __TI_ATRegion2_trg_addr              
00002790  __TI_CINIT_Base                      
000027a0  __TI_CINIT_Limit                     
000027a0  __TI_CINIT_Warm                      
0000277c  __TI_Handler_Table_Base              
00002788  __TI_Handler_Table_Limit             
0000164d  __TI_auto_init_nobinit_nopinit       
00000d91  __TI_decompress_lzss                 
00001e7b  __TI_decompress_none                 
ffffffff  __TI_pprof_out_hndl                  
ffffffff  __TI_prof_data_size                  
ffffffff  __TI_prof_data_start                 
00000000  __TI_static_base__                   
00001da1  __TI_zero_init_nomemset              
00000a07  __addsf3                             
00001701  __aeabi_f2iz                         
00000a07  __aeabi_fadd                         
00000fb5  __aeabi_fcmpeq                       
00000ff1  __aeabi_fcmpge                       
00001005  __aeabi_fcmpgt                       
00000fdd  __aeabi_fcmple                       
00000fc9  __aeabi_fcmplt                       
00000bfd  __aeabi_fmul                         
000009fd  __aeabi_fsub                         
000015d5  __aeabi_i2f                          
0000118d  __aeabi_idiv                         
0000075f  __aeabi_idiv0                        
0000118d  __aeabi_idivmod                      
00001ee1  __aeabi_memcpy                       
00001ee1  __aeabi_memcpy4                      
00001ee1  __aeabi_memcpy8                      
0000142d  __aeabi_uidiv                        
0000142d  __aeabi_uidivmod                     
ffffffff  __binit__                            
00001689  __cmpsf2                             
00001689  __eqsf2                              
00001701  __fixsfsi                            
000015d5  __floatsisf                          
00001611  __gesf2                              
00001611  __gtsf2                              
00001689  __lesf2                              
00001689  __ltsf2                              
UNDEFED   __mpu_init                           
000016c5  __muldsi3                            
00000bfd  __mulsf3                             
00001689  __nesf2                              
20207e00  __stack                              
20200000  __start___llvm_prf_bits              
20200000  __start___llvm_prf_cnts              
20200000  __stop___llvm_prf_bits               
20200000  __stop___llvm_prf_cnts               
000009fd  __subsf3                             
00001945  _c_int00_noargs                      
UNDEFED   _system_post_cinit                   
00001efb  _system_pre_init                     
00001ee9  abort                                
000024f0  asc2_0806                            
00001f00  asc2_1608                            
ffffffff  binit                                
00001ebd  delay_ms                             
202000fc  enable_group1_irq                    
202000e4  error_x                              
202000e8  error_y                              
20200000  gPWM_SERVOBackup                     
202000d4  g_current_target                     
202000dc  g_laser_coord                        
202000fd  g_new_data_received                  
202000fe  g_rxIndex                            
202000c4  g_servo_angle_x                      
202000c8  g_servo_angle_y                      
202000bc  g_uartRxBuffer                       
202000ec  integral_x                           
202000f0  integral_y                           
00000000  interruptVectors                     
202000f4  last_error_x                         
202000f8  last_error_y                         
00000925  main                                 
0000176d  mspm0_delay_ms                       
00001851  mspm0_get_clock_ms                   
00001019  oled_i2c_sda_unlock                  
0000179d  oled_pow                             
202000cc  start_time                           
202000d0  tick_ms                              


GLOBAL SYMBOLS: SORTED BY Symbol Address 

address   name                                 
-------   ----                                 
00000000  __TI_ATRegion0_region_sz             
00000000  __TI_ATRegion0_src_addr              
00000000  __TI_ATRegion0_trg_addr              
00000000  __TI_ATRegion1_region_sz             
00000000  __TI_ATRegion1_src_addr              
00000000  __TI_ATRegion1_trg_addr              
00000000  __TI_ATRegion2_region_sz             
00000000  __TI_ATRegion2_src_addr              
00000000  __TI_ATRegion2_trg_addr              
00000000  __TI_static_base__                   
00000000  interruptVectors                     
000000c1  Servo_TrackPID                       
00000200  __STACK_SIZE                         
0000033d  OLED_ShowChar                        
00000455  OLED_Init                            
00000565  DL_Timer_initFourCCPWMMode           
00000669  OLED_ShowNum                         
0000075f  __aeabi_idiv0                        
00000761  UART2_IRQHandler                     
00000849  DL_SYSCTL_configSYSPLL               
00000925  main                                 
000009fd  __aeabi_fsub                         
000009fd  __subsf3                             
00000a07  __addsf3                             
00000a07  __aeabi_fadd                         
00000ad5  OLED_WR_Byte                         
00000b6d  SYSCFG_DL_PWM_SERVO_init             
00000bfd  __aeabi_fmul                         
00000bfd  __mulsf3                             
00000c89  SYSCFG_DL_GPIO_init                  
00000d91  __TI_decompress_lzss                 
00000e0d  OLED_ShowString                      
00000e7d  OLED_Clear                           
00000ee9  SYSCFG_DL_initPower                  
00000f51  Servo_PID_Init                       
00000fb5  __aeabi_fcmpeq                       
00000fc9  __aeabi_fcmplt                       
00000fdd  __aeabi_fcmple                       
00000ff1  __aeabi_fcmpge                       
00001005  __aeabi_fcmpgt                       
00001019  oled_i2c_sda_unlock                  
00001079  DL_I2C_fillControllerTXFIFO          
00001135  SYSCFG_DL_I2C_OLED_init              
0000118d  __aeabi_idiv                         
0000118d  __aeabi_idivmod                      
000012d1  SYSCFG_DL_UART_OPENMV_init           
0000131d  DL_UART_init                         
00001365  DL_SYSCTL_switchMCLKfromSYSOSCtoHSCLK
000013ed  Servo_xSetAngle                      
0000142d  __aeabi_uidiv                        
0000142d  __aeabi_uidivmod                     
00001521  OLED_Set_Pos                         
0000155d  SYSCFG_DL_SYSCTL_init                
00001599  Servo_ySetAngle                      
000015d5  __aeabi_i2f                          
000015d5  __floatsisf                          
00001611  __gesf2                              
00001611  __gtsf2                              
0000164d  __TI_auto_init_nobinit_nopinit       
00001689  __cmpsf2                             
00001689  __eqsf2                              
00001689  __lesf2                              
00001689  __ltsf2                              
00001689  __nesf2                              
000016c5  __muldsi3                            
00001701  __aeabi_f2iz                         
00001701  __fixsfsi                            
0000176d  mspm0_delay_ms                       
0000179d  oled_pow                             
00001851  mspm0_get_clock_ms                   
0000191d  SYSCFG_DL_init                       
00001945  _c_int00_noargs                      
00001993  DL_I2C_setClockConfig                
00001add  DL_Timer_setCaptCompUpdateMethod     
00001af9  DL_Timer_setClockConfig              
00001b31  Interrupt_Init                       
00001d15  DL_Timer_setCaptureCompareOutCtl     
00001d5d  SysTick_Init                         
00001da1  __TI_zero_init_nomemset              
00001e57  DL_UART_setClockConfig               
00001e69  TI_memcpy_small                      
00001e7b  __TI_decompress_none                 
00001e9d  DL_Timer_setCaptureCompareValue      
00001ead  SysTick_Handler                      
00001ebd  delay_ms                             
00001ecd  DL_Common_delayCycles                
00001ed7  GROUP1_IRQHandler                    
00001ee1  __aeabi_memcpy                       
00001ee1  __aeabi_memcpy4                      
00001ee1  __aeabi_memcpy8                      
00001ee9  abort                                
00001eef  ADC0_IRQHandler                      
00001eef  ADC1_IRQHandler                      
00001eef  AES_IRQHandler                       
00001eef  CANFD0_IRQHandler                    
00001eef  DAC0_IRQHandler                      
00001eef  DMA_IRQHandler                       
00001eef  Default_Handler                      
00001eef  GROUP0_IRQHandler                    
00001eef  HardFault_Handler                    
00001eef  I2C0_IRQHandler                      
00001eef  I2C1_IRQHandler                      
00001eef  NMI_Handler                          
00001eef  PendSV_Handler                       
00001eef  RTC_IRQHandler                       
00001eef  SPI0_IRQHandler                      
00001eef  SPI1_IRQHandler                      
00001eef  SVC_Handler                          
00001eef  TIMA0_IRQHandler                     
00001eef  TIMA1_IRQHandler                     
00001eef  TIMG0_IRQHandler                     
00001eef  TIMG12_IRQHandler                    
00001eef  TIMG6_IRQHandler                     
00001eef  TIMG7_IRQHandler                     
00001eef  TIMG8_IRQHandler                     
00001eef  UART0_IRQHandler                     
00001eef  UART1_IRQHandler                     
00001eef  UART3_IRQHandler                     
00001ef2  C$$EXIT                              
00001ef3  HOSTexit                             
00001ef7  Reset_Handler                        
00001efb  _system_pre_init                     
00001f00  asc2_1608                            
000024f0  asc2_0806                            
0000277c  __TI_Handler_Table_Base              
00002788  __TI_Handler_Table_Limit             
00002790  __TI_CINIT_Base                      
000027a0  __TI_CINIT_Limit                     
000027a0  __TI_CINIT_Warm                      
20200000  __start___llvm_prf_bits              
20200000  __start___llvm_prf_cnts              
20200000  __stop___llvm_prf_bits               
20200000  __stop___llvm_prf_cnts               
20200000  gPWM_SERVOBackup                     
202000bc  g_uartRxBuffer                       
202000c4  g_servo_angle_x                      
202000c8  g_servo_angle_y                      
202000cc  start_time                           
202000d0  tick_ms                              
202000d4  g_current_target                     
202000dc  g_laser_coord                        
202000e4  error_x                              
202000e8  error_y                              
202000ec  integral_x                           
202000f0  integral_y                           
202000f4  last_error_x                         
202000f8  last_error_y                         
202000fc  enable_group1_irq                    
202000fd  g_new_data_received                  
202000fe  g_rxIndex                            
20207e00  __stack                              
20208000  __STACK_END                          
ffffffff  __TI_pprof_out_hndl                  
ffffffff  __TI_prof_data_size                  
ffffffff  __TI_prof_data_start                 
ffffffff  __binit__                            
ffffffff  binit                                
UNDEFED   __mpu_init                           
UNDEFED   _system_post_cinit                   

[159 symbols]
