******************************************************************************
            TI ARM Clang Linker PC v4.0.3                      
******************************************************************************
>> Linked Sun Jul 27 21:26:15 2025

OUTPUT FILE NAME:   <mspm0-modules.out>
ENTRY POINT SYMBOL: "_c_int00_noargs"  address: 00001a31


MEMORY CONFIGURATION

         name            origin    length      used     unused   attr    fill
----------------------  --------  ---------  --------  --------  ----  --------
  FLASH                 00000000   00020000  000028a0  0001d760  R  X
  SRAM                  20200000   00008000  00000319  00007ce7  RW X
  BCR_CONFIG            41c00000   000000ff  00000000  000000ff  R   
  BSL_CONFIG            41c00100   00000080  00000000  00000080  R   


SEGMENT ALLOCATION MAP

run origin  load origin   length   init length attrs members
----------  ----------- ---------- ----------- ----- -------
00000000    00000000    000028a0   000028a0    r-x
  00000000    00000000    000000c0   000000c0    r-- .intvecs
  000000c0    000000c0    00001f30   00001f30    r-x .text
  00001ff0    00001ff0    00000878   00000878    r-- .rodata
  00002868    00002868    00000038   00000038    r-- .cinit
20200000    20200000    00000119   00000000    rw-
  20200000    20200000    000000f4   00000000    rw- .bss
  202000f4    202000f4    00000025   00000000    rw- .data
20207e00    20207e00    00000200   00000000    rw-
  20207e00    20207e00    00000200   00000000    rw- .stack


SECTION ALLOCATION MAP

 output                                  attributes/
section   page    origin      length       input sections
--------  ----  ----------  ----------   ----------------
.intvecs   0    00000000    000000c0     
                  00000000    000000c0     startup_mspm0g350x_ticlang.o (.intvecs)

.text      0    000000c0    00001f30     
                  000000c0    0000027c     servo.o (.text.Servo_TrackPID)
                  0000033c    000001a4     main.o (.text.main)
                  000004e0    00000118     oled_hardware_i2c.o (.text.OLED_ShowChar)
                  000005f8    00000110     oled_hardware_i2c.o (.text.OLED_Init)
                  00000708    00000108     main.o (.text.UART2_IRQHandler)
                  00000810    00000104     driverlib.a : dl_timer.o (.text.DL_Timer_initFourCCPWMMode)
                  00000914    000000f6     oled_hardware_i2c.o (.text.OLED_ShowNum)
                  00000a0a    00000002     libclang_rt.builtins.a : aeabi_div0.c.obj (.text.__aeabi_idiv0)
                  00000a0c    000000dc     driverlib.a : dl_sysctl_mspm0g1x0x_g3x0x.o (.text.DL_SYSCTL_configSYSPLL)
                  00000ae8    000000d8     libclang_rt.builtins.a : addsf3.S.obj (.text)
                  00000bc0    00000098     oled_hardware_i2c.o (.text.OLED_WR_Byte)
                  00000c58    00000090     ti_msp_dl_config.o (.text.SYSCFG_DL_PWM_SERVO_init)
                  00000ce8    0000008c     libclang_rt.builtins.a : mulsf3.S.obj (.text.__mulsf3)
                  00000d74    00000084     ti_msp_dl_config.o (.text.SYSCFG_DL_GPIO_init)
                  00000df8    00000084     clock.o (.text.__NVIC_SetPriority)
                  00000e7c    0000007c     libc.a : copy_decompress_lzss.c.obj (.text:decompress:lzss)
                  00000ef8    00000070     oled_hardware_i2c.o (.text.OLED_ShowString)
                  00000f68    0000006a     oled_hardware_i2c.o (.text.OLED_Clear)
                  00000fd2    00000002     --HOLE-- [fill = 0]
                  00000fd4    00000068     ti_msp_dl_config.o (.text.SYSCFG_DL_initPower)
                  0000103c    00000064     servo.o (.text.Servo_PID_Init)
                  000010a0    00000062     libclang_rt.builtins.a : aeabi_fcmp.S.obj (.text.__aeabi_fcmp)
                  00001102    00000002     --HOLE-- [fill = 0]
                  00001104    00000060     oled_hardware_i2c.o (.text.oled_i2c_sda_unlock)
                  00001164    0000005e     driverlib.a : dl_i2c.o (.text.DL_I2C_fillControllerTXFIFO)
                  000011c2    00000002     --HOLE-- [fill = 0]
                  000011c4    0000005c     oled_hardware_i2c.o (.text.mspm0_i2c_enable)
                  00001220    00000058     ti_msp_dl_config.o (.text.SYSCFG_DL_I2C_OLED_init)
                  00001278    00000056     libclang_rt.builtins.a : aeabi_idivmod.S.obj (.text.__aeabi_idivmod)
                  000012ce    00000002     --HOLE-- [fill = 0]
                  000012d0    00000050     oled_hardware_i2c.o (.text.DL_I2C_startControllerTransfer)
                  00001320    00000050     clock.o (.text.SysTick_Config)
                  00001370    0000004c     ti_msp_dl_config.o (.text.DL_UART_setBaudRateDivisor)
                  000013bc    0000004c     ti_msp_dl_config.o (.text.SYSCFG_DL_UART_OPENMV_init)
                  00001408    00000048     driverlib.a : dl_uart.o (.text.DL_UART_init)
                  00001450    00000044                 : dl_sysctl_mspm0g1x0x_g3x0x.o (.text.DL_SYSCTL_switchMCLKfromSYSOSCtoHSCLK)
                  00001494    00000044     oled_hardware_i2c.o (.text.mspm0_i2c_disable)
                  000014d8    00000040     servo.o (.text.Servo_xSetAngle)
                  00001518    00000040     libclang_rt.builtins.a : aeabi_uidivmod.S.obj (.text.__aeabi_uidivmod)
                  00001558    0000003c     oled_hardware_i2c.o (.text.DL_GPIO_initPeripheralInputFunctionFeatures)
                  00001594    0000003c     ti_msp_dl_config.o (.text.DL_GPIO_initPeripheralInputFunctionFeatures)
                  000015d0    0000003c     ti_msp_dl_config.o (.text.DL_Timer_setCounterControl)
                  0000160c    0000003c     oled_hardware_i2c.o (.text.OLED_Set_Pos)
                  00001648    0000003c     ti_msp_dl_config.o (.text.SYSCFG_DL_SYSCTL_init)
                  00001684    0000003c     servo.o (.text.Servo_ySetAngle)
                  000016c0    0000003c     libclang_rt.builtins.a : floatsisf.S.obj (.text.__floatsisf)
                  000016fc    0000003c                            : comparesf2.S.obj (.text.__gtsf2)
                  00001738    0000003c     libc.a : autoinit.c.obj (.text:__TI_auto_init_nobinit_nopinit)
                  00001774    0000003a     libclang_rt.builtins.a : comparesf2.S.obj (.text.__eqsf2)
                  000017ae    00000002     --HOLE-- [fill = 0]
                  000017b0    0000003a                            : muldsi3.S.obj (.text.__muldsi3)
                  000017ea    00000002     --HOLE-- [fill = 0]
                  000017ec    00000038                            : fixsfsi.S.obj (.text.__fixsfsi)
                  00001824    00000034     oled_hardware_i2c.o (.text.DL_GPIO_initDigitalInputFeatures)
                  00001858    00000030     clock.o (.text.mspm0_delay_ms)
                  00001888    00000030     oled_hardware_i2c.o (.text.oled_pow)
                  000018b8    0000002c     main.o (.text.__NVIC_ClearPendingIRQ)
                  000018e4    0000002c     interrupt.o (.text.__NVIC_EnableIRQ)
                  00001910    0000002c     main.o (.text.__NVIC_EnableIRQ)
                  0000193c    0000002c     clock.o (.text.mspm0_get_clock_ms)
                  00001968    00000028     oled_hardware_i2c.o (.text.DL_Common_updateReg)
                  00001990    00000028     ti_msp_dl_config.o (.text.DL_Common_updateReg)
                  000019b8    00000028     ti_msp_dl_config.o (.text.DL_I2C_setControllerRXFIFOThreshold)
                  000019e0    00000028     ti_msp_dl_config.o (.text.DL_I2C_setControllerTXFIFOThreshold)
                  00001a08    00000028     ti_msp_dl_config.o (.text.SYSCFG_DL_init)
                  00001a30    00000028     libc.a : boot_cortex_m.c.obj (.text:_c_int00_noargs)
                  00001a58    00000026     ti_msp_dl_config.o (.text.DL_I2C_setAnalogGlitchFilterPulseWidth)
                  00001a7e    00000026     driverlib.a : dl_i2c.o (.text.DL_I2C_setClockConfig)
                  00001aa4    00000020     ti_msp_dl_config.o (.text.DL_GPIO_initPeripheralInputFunction)
                  00001ac4    00000020     ti_msp_dl_config.o (.text.DL_SYSCTL_setFlashWaitState)
                  00001ae4    0000001e     ti_msp_dl_config.o (.text.DL_UART_setOversampling)
                  00001b02    00000002     --HOLE-- [fill = 0]
                  00001b04    0000001c     oled_hardware_i2c.o (.text.DL_GPIO_enableHiZ)
                  00001b20    0000001c     ti_msp_dl_config.o (.text.DL_GPIO_enableHiZ)
                  00001b3c    0000001c     ti_msp_dl_config.o (.text.DL_GPIO_initPeripheralOutputFunction)
                  00001b58    0000001c     oled_hardware_i2c.o (.text.DL_I2C_getSDAStatus)
                  00001b74    0000001c     interrupt.o (.text.DL_Interrupt_getPendingGroup)
                  00001b90    0000001c     ti_msp_dl_config.o (.text.DL_SYSCTL_setSYSOSCFreq)
                  00001bac    0000001c     ti_msp_dl_config.o (.text.DL_SYSCTL_setULPCLKDivider)
                  00001bc8    0000001c     driverlib.a : dl_timer.o (.text.DL_Timer_setCaptCompUpdateMethod)
                  00001be4    0000001c                 : dl_timer.o (.text.DL_Timer_setClockConfig)
                  00001c00    0000001c     ti_msp_dl_config.o (.text.DL_UART_enableInterrupt)
                  00001c1c    0000001c     interrupt.o (.text.Interrupt_Init)
                  00001c38    00000018     oled_hardware_i2c.o (.text.DL_GPIO_enableOutput)
                  00001c50    00000018     ti_msp_dl_config.o (.text.DL_GPIO_enableOutput)
                  00001c68    00000018     ti_msp_dl_config.o (.text.DL_GPIO_enablePower)
                  00001c80    00000018     oled_hardware_i2c.o (.text.DL_GPIO_initDigitalOutput)
                  00001c98    00000018     ti_msp_dl_config.o (.text.DL_GPIO_reset)
                  00001cb0    00000018     oled_hardware_i2c.o (.text.DL_GPIO_setPins)
                  00001cc8    00000018     oled_hardware_i2c.o (.text.DL_I2C_clearInterruptStatus)
                  00001ce0    00000018     ti_msp_dl_config.o (.text.DL_I2C_enableAnalogGlitchFilter)
                  00001cf8    00000018     ti_msp_dl_config.o (.text.DL_I2C_enableController)
                  00001d10    00000018     ti_msp_dl_config.o (.text.DL_I2C_enableControllerClockStretching)
                  00001d28    00000018     oled_hardware_i2c.o (.text.DL_I2C_enablePower)
                  00001d40    00000018     ti_msp_dl_config.o (.text.DL_I2C_enablePower)
                  00001d58    00000018     oled_hardware_i2c.o (.text.DL_I2C_getRawInterruptStatus)
                  00001d70    00000018     oled_hardware_i2c.o (.text.DL_I2C_reset)
                  00001d88    00000018     ti_msp_dl_config.o (.text.DL_I2C_reset)
                  00001da0    00000018     ti_msp_dl_config.o (.text.DL_I2C_setTimerPeriod)
                  00001db8    00000018     ti_msp_dl_config.o (.text.DL_SYSCTL_setBORThreshold)
                  00001dd0    00000018     ti_msp_dl_config.o (.text.DL_Timer_enablePower)
                  00001de8    00000018     ti_msp_dl_config.o (.text.DL_Timer_reset)
                  00001e00    00000018     driverlib.a : dl_timer.o (.text.DL_Timer_setCaptureCompareOutCtl)
                  00001e18    00000018     ti_msp_dl_config.o (.text.DL_UART_enablePower)
                  00001e30    00000018     ti_msp_dl_config.o (.text.DL_UART_reset)
                  00001e48    00000018     clock.o (.text.SysTick_Init)
                  00001e60    00000016     oled_hardware_i2c.o (.text.DL_GPIO_readPins)
                  00001e76    00000016     ti_msp_dl_config.o (.text.DL_UART_enable)
                  00001e8c    00000016     libc.a : copy_zero_init.c.obj (.text:decompress:ZI:__TI_zero_init_nomemset)
                  00001ea2    00000014     oled_hardware_i2c.o (.text.DL_GPIO_clearPins)
                  00001eb6    00000002     --HOLE-- [fill = 0]
                  00001eb8    00000014     oled_hardware_i2c.o (.text.DL_I2C_getControllerStatus)
                  00001ecc    00000014     ti_msp_dl_config.o (.text.DL_I2C_resetControllerTransfer)
                  00001ee0    00000014     ti_msp_dl_config.o (.text.DL_SYSCTL_disableSYSPLL)
                  00001ef4    00000014     ti_msp_dl_config.o (.text.DL_Timer_enableClock)
                  00001f08    00000014     ti_msp_dl_config.o (.text.DL_Timer_setCCPDirection)
                  00001f1c    00000014     main.o (.text.DL_UART_receiveData)
                  00001f30    00000012     main.o (.text.DL_UART_getPendingInterrupt)
                  00001f42    00000012     driverlib.a : dl_uart.o (.text.DL_UART_setClockConfig)
                  00001f54    00000012     libc.a : memcpy16.S.obj (.text:TI_memcpy_small)
                  00001f66    00000012            : copy_decompress_none.c.obj (.text:decompress:none)
                  00001f78    00000010     ti_msp_dl_config.o (.text.DL_SYSCTL_disableHFXT)
                  00001f88    00000010     driverlib.a : dl_timer.o (.text.DL_Timer_setCaptureCompareValue)
                  00001f98    00000010     interrupt.o (.text.SysTick_Handler)
                  00001fa8    00000010     oled_hardware_i2c.o (.text.delay_ms)
                  00001fb8    0000000a     driverlib.a : dl_common.o (.text.DL_Common_delayCycles)
                  00001fc2    0000000a     interrupt.o (.text.GROUP1_IRQHandler)
                  00001fcc    00000008     libclang_rt.builtins.a : aeabi_memcpy.S.obj (.text.__aeabi_memcpy)
                  00001fd4    00000006     libc.a : exit.c.obj (.text:abort)
                  00001fda    00000004     startup_mspm0g350x_ticlang.o (.text.Default_Handler)
                  00001fde    00000004     libsysbm.a : hostexit.c.obj (.text.HOSTexit)
                  00001fe2    00000004     startup_mspm0g350x_ticlang.o (.text.Reset_Handler)
                  00001fe6    00000004     libc.a : pre_init.c.obj (.text._system_pre_init)
                  00001fea    00000006     --HOLE-- [fill = 0]

.cinit     0    00002868    00000038     
                  00002868    0000000e     (.cinit..data.load) [load image, compression = lzss]
                  00002876    00000002     --HOLE-- [fill = 0]
                  00002878    0000000c     (__TI_handler_table)
                  00002884    00000008     (.cinit..bss.load) [load image, compression = zero_init]
                  0000288c    00000010     (__TI_cinit_table)
                  0000289c    00000004     --HOLE-- [fill = 0]

.rodata    0    00001ff0    00000878     
                  00001ff0    000005f0     oled_hardware_i2c.o (.rodata.asc2_1608)
                  000025e0    00000228     oled_hardware_i2c.o (.rodata.asc2_0806)
                  00002808    00000028     ti_msp_dl_config.o (.rodata.gSYSPLLConfig)
                  00002830    0000000b     main.o (.rodata.str1.15159059442110792349.1)
                  0000283b    00000001     --HOLE-- [fill = 0]
                  0000283c    0000000a     ti_msp_dl_config.o (.rodata.gUART_OPENMVConfig)
                  00002846    00000002     ti_msp_dl_config.o (.rodata.gI2C_OLEDClockConfig)
                  00002848    00000008     ti_msp_dl_config.o (.rodata.gPWM_SERVOConfig)
                  00002850    00000007     main.o (.rodata.str1.8154729771448623357.1)
                  00002857    00000003     ti_msp_dl_config.o (.rodata.gPWM_SERVOClockConfig)
                  0000285a    00000003     main.o (.rodata.str1.17100691992556644108.1)
                  0000285d    00000003     main.o (.rodata.str1.18227636981041470289.1)
                  00002860    00000002     ti_msp_dl_config.o (.rodata.gUART_OPENMVClockConfig)
                  00002862    00000006     --HOLE-- [fill = 0]

.init_array 
*          0    00000000    00000000     UNINITIALIZED

.binit     0    00000000    00000000     

.bss       0    20200000    000000f4     UNINITIALIZED
                  20200000    000000bc     (.common:gPWM_SERVOBackup)
                  202000bc    00000020     (.common:g_rect_corners)
                  202000dc    00000005     (.common:g_uartRxBuffer)
                  202000e1    00000003     --HOLE--
                  202000e4    00000004     (.common:g_servo_angle_x)
                  202000e8    00000004     (.common:g_servo_angle_y)
                  202000ec    00000004     (.common:start_time)
                  202000f0    00000004     (.common:tick_ms)

.data      0    202000f4    00000025     UNINITIALIZED
                  202000f4    00000008     main.o (.data.g_laser_coord)
                  202000fc    00000004     servo.o (.data.error_x)
                  20200100    00000004     servo.o (.data.error_y)
                  20200104    00000004     servo.o (.data.integral_x)
                  20200108    00000004     servo.o (.data.integral_y)
                  2020010c    00000004     servo.o (.data.last_error_x)
                  20200110    00000004     servo.o (.data.last_error_y)
                  20200114    00000001     interrupt.o (.data.enable_group1_irq)
                  20200115    00000001     main.o (.data.g_control_state)
                  20200116    00000001     main.o (.data.g_corners_received_mask)
                  20200117    00000001     main.o (.data.g_new_data_received)
                  20200118    00000001     main.o (.data.g_rxIndex)

.stack     0    20207e00    00000200     UNINITIALIZED
                  20207e00    00000004     libc.a : boot_cortex_m.c.obj (.stack)
                  20207e04    000001fc     --HOLE--

__llvm_prf_cnts 
*          0    20200000    00000000     UNINITIALIZED

__llvm_prf_bits 
*          0    20200000    00000000     UNINITIALIZED

MODULE SUMMARY

       Module                         code   ro data   rw data
       ------                         ----   -------   -------
    .\
       ti_msp_dl_config.o             1686   65        188    
       main.o                         810    24        49     
       startup_mspm0g350x_ticlang.o   8      192       0      
    +--+------------------------------+------+---------+---------+
       Total:                         2504   281       237    
                                                              
    .\Drivers\MSPM0\
       clock.o                        328    0         8      
       interrupt.o                    126    0         1      
    +--+------------------------------+------+---------+---------+
       Total:                         454    0         9      
                                                              
    .\Drivers\OLED_Hardware_I2C\
       oled_hardware_i2c.o            2066   2072      0      
    +--+------------------------------+------+---------+---------+
       Total:                         2066   2072      0      
                                                              
    .\Drivers\SERVO\
       servo.o                        860    0         32     
    +--+------------------------------+------+---------+---------+
       Total:                         860    0         32     
                                                              
    D:/TI/mspm0_sdk_2_05_01_00/source/ti/driverlib/lib/ticlang/m0p/mspm0g1x0x_g3x0x/driverlib.a
       dl_timer.o                     356    0         0      
       dl_sysctl_mspm0g1x0x_g3x0x.o   288    0         0      
       dl_i2c.o                       132    0         0      
       dl_uart.o                      90     0         0      
       dl_common.o                    10     0         0      
    +--+------------------------------+------+---------+---------+
       Total:                         876    0         0      
                                                              
    D:\TI\CCS\ccs\tools\compiler\ti-cgt-armllvm_4.0.3.LTS\lib\armv6m-ti-none-eabi/c/libc.a
       copy_decompress_lzss.c.obj     124    0         0      
       autoinit.c.obj                 60     0         0      
       boot_cortex_m.c.obj            40     0         0      
       copy_zero_init.c.obj           22     0         0      
       copy_decompress_none.c.obj     18     0         0      
       memcpy16.S.obj                 18     0         0      
       exit.c.obj                     6      0         0      
       pre_init.c.obj                 4      0         0      
    +--+------------------------------+------+---------+---------+
       Total:                         292    0         0      
                                                              
    D:\TI\CCS\ccs\tools\compiler\ti-cgt-armllvm_4.0.3.LTS\lib\armv6m-ti-none-eabi/c/libsysbm.a
       hostexit.c.obj                 4      0         0      
    +--+------------------------------+------+---------+---------+
       Total:                         4      0         0      
                                                              
    D:\TI\CCS\ccs\tools\compiler\ti-cgt-armllvm_4.0.3.LTS\lib\armv6m-ti-none-eabi/libclang_rt.builtins.a
       addsf3.S.obj                   216    0         0      
       mulsf3.S.obj                   140    0         0      
       comparesf2.S.obj               118    0         0      
       aeabi_fcmp.S.obj               98     0         0      
       aeabi_idivmod.S.obj            86     0         0      
       aeabi_uidivmod.S.obj           64     0         0      
       floatsisf.S.obj                60     0         0      
       muldsi3.S.obj                  58     0         0      
       fixsfsi.S.obj                  56     0         0      
       aeabi_memcpy.S.obj             8      0         0      
       aeabi_div0.c.obj               2      0         0      
    +--+------------------------------+------+---------+---------+
       Total:                         906    0         0      
                                                              
       Stack:                         0      0         512    
       Linker Generated:              0      50        0      
    +--+------------------------------+------+---------+---------+
       Grand Total:                   7962   2403      790    


LINKER GENERATED COPY TABLES

__TI_cinit_table @ 0000288c records: 2, size/record: 8, table size: 16
	.data: load addr=00002868, load size=0000000e bytes, run addr=202000f4, run size=00000025 bytes, compression=lzss
	.bss: load addr=00002884, load size=00000008 bytes, run addr=20200000, run size=000000f4 bytes, compression=zero_init


LINKER GENERATED HANDLER TABLE

__TI_handler_table @ 00002878 records: 3, size/record: 4, table size: 12
	index: 0, handler: __TI_decompress_lzss
	index: 1, handler: __TI_decompress_none
	index: 2, handler: __TI_zero_init


GLOBAL SYMBOLS: SORTED ALPHABETICALLY BY Name 

address   name                                 
-------   ----                                 
00001fdb  ADC0_IRQHandler                      
00001fdb  ADC1_IRQHandler                      
00001fdb  AES_IRQHandler                       
00001fde  C$$EXIT                              
00001fdb  CANFD0_IRQHandler                    
00001fdb  DAC0_IRQHandler                      
00001fb9  DL_Common_delayCycles                
00001165  DL_I2C_fillControllerTXFIFO          
00001a7f  DL_I2C_setClockConfig                
00000a0d  DL_SYSCTL_configSYSPLL               
00001451  DL_SYSCTL_switchMCLKfromSYSOSCtoHSCLK
00000811  DL_Timer_initFourCCPWMMode           
00001bc9  DL_Timer_setCaptCompUpdateMethod     
00001e01  DL_Timer_setCaptureCompareOutCtl     
00001f89  DL_Timer_setCaptureCompareValue      
00001be5  DL_Timer_setClockConfig              
00001409  DL_UART_init                         
00001f43  DL_UART_setClockConfig               
00001fdb  DMA_IRQHandler                       
00001fdb  Default_Handler                      
00001fdb  GROUP0_IRQHandler                    
00001fc3  GROUP1_IRQHandler                    
00001fdf  HOSTexit                             
00001fdb  HardFault_Handler                    
00001fdb  I2C0_IRQHandler                      
00001fdb  I2C1_IRQHandler                      
00001c1d  Interrupt_Init                       
00001fdb  NMI_Handler                          
00000f69  OLED_Clear                           
000005f9  OLED_Init                            
0000160d  OLED_Set_Pos                         
000004e1  OLED_ShowChar                        
00000915  OLED_ShowNum                         
00000ef9  OLED_ShowString                      
00000bc1  OLED_WR_Byte                         
00001fdb  PendSV_Handler                       
00001fdb  RTC_IRQHandler                       
00001fe3  Reset_Handler                        
00001fdb  SPI0_IRQHandler                      
00001fdb  SPI1_IRQHandler                      
00001fdb  SVC_Handler                          
00000d75  SYSCFG_DL_GPIO_init                  
00001221  SYSCFG_DL_I2C_OLED_init              
00000c59  SYSCFG_DL_PWM_SERVO_init             
00001649  SYSCFG_DL_SYSCTL_init                
000013bd  SYSCFG_DL_UART_OPENMV_init           
00001a09  SYSCFG_DL_init                       
00000fd5  SYSCFG_DL_initPower                  
0000103d  Servo_PID_Init                       
000000c1  Servo_TrackPID                       
000014d9  Servo_xSetAngle                      
00001685  Servo_ySetAngle                      
00001f99  SysTick_Handler                      
00001e49  SysTick_Init                         
00001fdb  TIMA0_IRQHandler                     
00001fdb  TIMA1_IRQHandler                     
00001fdb  TIMG0_IRQHandler                     
00001fdb  TIMG12_IRQHandler                    
00001fdb  TIMG6_IRQHandler                     
00001fdb  TIMG7_IRQHandler                     
00001fdb  TIMG8_IRQHandler                     
00001f55  TI_memcpy_small                      
00001fdb  UART0_IRQHandler                     
00001fdb  UART1_IRQHandler                     
00000709  UART2_IRQHandler                     
00001fdb  UART3_IRQHandler                     
20208000  __STACK_END                          
00000200  __STACK_SIZE                         
00000000  __TI_ATRegion0_region_sz             
00000000  __TI_ATRegion0_src_addr              
00000000  __TI_ATRegion0_trg_addr              
00000000  __TI_ATRegion1_region_sz             
00000000  __TI_ATRegion1_src_addr              
00000000  __TI_ATRegion1_trg_addr              
00000000  __TI_ATRegion2_region_sz             
00000000  __TI_ATRegion2_src_addr              
00000000  __TI_ATRegion2_trg_addr              
0000288c  __TI_CINIT_Base                      
0000289c  __TI_CINIT_Limit                     
0000289c  __TI_CINIT_Warm                      
00002878  __TI_Handler_Table_Base              
00002884  __TI_Handler_Table_Limit             
00001739  __TI_auto_init_nobinit_nopinit       
00000e7d  __TI_decompress_lzss                 
00001f67  __TI_decompress_none                 
ffffffff  __TI_pprof_out_hndl                  
ffffffff  __TI_prof_data_size                  
ffffffff  __TI_prof_data_start                 
00000000  __TI_static_base__                   
00001e8d  __TI_zero_init_nomemset              
00000af3  __addsf3                             
000017ed  __aeabi_f2iz                         
00000af3  __aeabi_fadd                         
000010a1  __aeabi_fcmpeq                       
000010dd  __aeabi_fcmpge                       
000010f1  __aeabi_fcmpgt                       
000010c9  __aeabi_fcmple                       
000010b5  __aeabi_fcmplt                       
00000ce9  __aeabi_fmul                         
00000ae9  __aeabi_fsub                         
000016c1  __aeabi_i2f                          
00001279  __aeabi_idiv                         
00000a0b  __aeabi_idiv0                        
00001279  __aeabi_idivmod                      
00001fcd  __aeabi_memcpy                       
00001fcd  __aeabi_memcpy4                      
00001fcd  __aeabi_memcpy8                      
00001519  __aeabi_uidiv                        
00001519  __aeabi_uidivmod                     
ffffffff  __binit__                            
00001775  __cmpsf2                             
00001775  __eqsf2                              
000017ed  __fixsfsi                            
000016c1  __floatsisf                          
000016fd  __gesf2                              
000016fd  __gtsf2                              
00001775  __lesf2                              
00001775  __ltsf2                              
UNDEFED   __mpu_init                           
000017b1  __muldsi3                            
00000ce9  __mulsf3                             
00001775  __nesf2                              
20207e00  __stack                              
20200000  __start___llvm_prf_bits              
20200000  __start___llvm_prf_cnts              
20200000  __stop___llvm_prf_bits               
20200000  __stop___llvm_prf_cnts               
00000ae9  __subsf3                             
00001a31  _c_int00_noargs                      
UNDEFED   _system_post_cinit                   
00001fe7  _system_pre_init                     
00001fd5  abort                                
000025e0  asc2_0806                            
00001ff0  asc2_1608                            
ffffffff  binit                                
00001fa9  delay_ms                             
20200114  enable_group1_irq                    
202000fc  error_x                              
20200100  error_y                              
20200000  gPWM_SERVOBackup                     
20200115  g_control_state                      
20200116  g_corners_received_mask              
202000f4  g_laser_coord                        
20200117  g_new_data_received                  
202000bc  g_rect_corners                       
20200118  g_rxIndex                            
202000e4  g_servo_angle_x                      
202000e8  g_servo_angle_y                      
202000dc  g_uartRxBuffer                       
20200104  integral_x                           
20200108  integral_y                           
00000000  interruptVectors                     
2020010c  last_error_x                         
20200110  last_error_y                         
0000033d  main                                 
00001859  mspm0_delay_ms                       
0000193d  mspm0_get_clock_ms                   
00001105  oled_i2c_sda_unlock                  
00001889  oled_pow                             
202000ec  start_time                           
202000f0  tick_ms                              


GLOBAL SYMBOLS: SORTED BY Symbol Address 

address   name                                 
-------   ----                                 
00000000  __TI_ATRegion0_region_sz             
00000000  __TI_ATRegion0_src_addr              
00000000  __TI_ATRegion0_trg_addr              
00000000  __TI_ATRegion1_region_sz             
00000000  __TI_ATRegion1_src_addr              
00000000  __TI_ATRegion1_trg_addr              
00000000  __TI_ATRegion2_region_sz             
00000000  __TI_ATRegion2_src_addr              
00000000  __TI_ATRegion2_trg_addr              
00000000  __TI_static_base__                   
00000000  interruptVectors                     
000000c1  Servo_TrackPID                       
00000200  __STACK_SIZE                         
0000033d  main                                 
000004e1  OLED_ShowChar                        
000005f9  OLED_Init                            
00000709  UART2_IRQHandler                     
00000811  DL_Timer_initFourCCPWMMode           
00000915  OLED_ShowNum                         
00000a0b  __aeabi_idiv0                        
00000a0d  DL_SYSCTL_configSYSPLL               
00000ae9  __aeabi_fsub                         
00000ae9  __subsf3                             
00000af3  __addsf3                             
00000af3  __aeabi_fadd                         
00000bc1  OLED_WR_Byte                         
00000c59  SYSCFG_DL_PWM_SERVO_init             
00000ce9  __aeabi_fmul                         
00000ce9  __mulsf3                             
00000d75  SYSCFG_DL_GPIO_init                  
00000e7d  __TI_decompress_lzss                 
00000ef9  OLED_ShowString                      
00000f69  OLED_Clear                           
00000fd5  SYSCFG_DL_initPower                  
0000103d  Servo_PID_Init                       
000010a1  __aeabi_fcmpeq                       
000010b5  __aeabi_fcmplt                       
000010c9  __aeabi_fcmple                       
000010dd  __aeabi_fcmpge                       
000010f1  __aeabi_fcmpgt                       
00001105  oled_i2c_sda_unlock                  
00001165  DL_I2C_fillControllerTXFIFO          
00001221  SYSCFG_DL_I2C_OLED_init              
00001279  __aeabi_idiv                         
00001279  __aeabi_idivmod                      
000013bd  SYSCFG_DL_UART_OPENMV_init           
00001409  DL_UART_init                         
00001451  DL_SYSCTL_switchMCLKfromSYSOSCtoHSCLK
000014d9  Servo_xSetAngle                      
00001519  __aeabi_uidiv                        
00001519  __aeabi_uidivmod                     
0000160d  OLED_Set_Pos                         
00001649  SYSCFG_DL_SYSCTL_init                
00001685  Servo_ySetAngle                      
000016c1  __aeabi_i2f                          
000016c1  __floatsisf                          
000016fd  __gesf2                              
000016fd  __gtsf2                              
00001739  __TI_auto_init_nobinit_nopinit       
00001775  __cmpsf2                             
00001775  __eqsf2                              
00001775  __lesf2                              
00001775  __ltsf2                              
00001775  __nesf2                              
000017b1  __muldsi3                            
000017ed  __aeabi_f2iz                         
000017ed  __fixsfsi                            
00001859  mspm0_delay_ms                       
00001889  oled_pow                             
0000193d  mspm0_get_clock_ms                   
00001a09  SYSCFG_DL_init                       
00001a31  _c_int00_noargs                      
00001a7f  DL_I2C_setClockConfig                
00001bc9  DL_Timer_setCaptCompUpdateMethod     
00001be5  DL_Timer_setClockConfig              
00001c1d  Interrupt_Init                       
00001e01  DL_Timer_setCaptureCompareOutCtl     
00001e49  SysTick_Init                         
00001e8d  __TI_zero_init_nomemset              
00001f43  DL_UART_setClockConfig               
00001f55  TI_memcpy_small                      
00001f67  __TI_decompress_none                 
00001f89  DL_Timer_setCaptureCompareValue      
00001f99  SysTick_Handler                      
00001fa9  delay_ms                             
00001fb9  DL_Common_delayCycles                
00001fc3  GROUP1_IRQHandler                    
00001fcd  __aeabi_memcpy                       
00001fcd  __aeabi_memcpy4                      
00001fcd  __aeabi_memcpy8                      
00001fd5  abort                                
00001fdb  ADC0_IRQHandler                      
00001fdb  ADC1_IRQHandler                      
00001fdb  AES_IRQHandler                       
00001fdb  CANFD0_IRQHandler                    
00001fdb  DAC0_IRQHandler                      
00001fdb  DMA_IRQHandler                       
00001fdb  Default_Handler                      
00001fdb  GROUP0_IRQHandler                    
00001fdb  HardFault_Handler                    
00001fdb  I2C0_IRQHandler                      
00001fdb  I2C1_IRQHandler                      
00001fdb  NMI_Handler                          
00001fdb  PendSV_Handler                       
00001fdb  RTC_IRQHandler                       
00001fdb  SPI0_IRQHandler                      
00001fdb  SPI1_IRQHandler                      
00001fdb  SVC_Handler                          
00001fdb  TIMA0_IRQHandler                     
00001fdb  TIMA1_IRQHandler                     
00001fdb  TIMG0_IRQHandler                     
00001fdb  TIMG12_IRQHandler                    
00001fdb  TIMG6_IRQHandler                     
00001fdb  TIMG7_IRQHandler                     
00001fdb  TIMG8_IRQHandler                     
00001fdb  UART0_IRQHandler                     
00001fdb  UART1_IRQHandler                     
00001fdb  UART3_IRQHandler                     
00001fde  C$$EXIT                              
00001fdf  HOSTexit                             
00001fe3  Reset_Handler                        
00001fe7  _system_pre_init                     
00001ff0  asc2_1608                            
000025e0  asc2_0806                            
00002878  __TI_Handler_Table_Base              
00002884  __TI_Handler_Table_Limit             
0000288c  __TI_CINIT_Base                      
0000289c  __TI_CINIT_Limit                     
0000289c  __TI_CINIT_Warm                      
20200000  __start___llvm_prf_bits              
20200000  __start___llvm_prf_cnts              
20200000  __stop___llvm_prf_bits               
20200000  __stop___llvm_prf_cnts               
20200000  gPWM_SERVOBackup                     
202000bc  g_rect_corners                       
202000dc  g_uartRxBuffer                       
202000e4  g_servo_angle_x                      
202000e8  g_servo_angle_y                      
202000ec  start_time                           
202000f0  tick_ms                              
202000f4  g_laser_coord                        
202000fc  error_x                              
20200100  error_y                              
20200104  integral_x                           
20200108  integral_y                           
2020010c  last_error_x                         
20200110  last_error_y                         
20200114  enable_group1_irq                    
20200115  g_control_state                      
20200116  g_corners_received_mask              
20200117  g_new_data_received                  
20200118  g_rxIndex                            
20207e00  __stack                              
20208000  __STACK_END                          
ffffffff  __TI_pprof_out_hndl                  
ffffffff  __TI_prof_data_size                  
ffffffff  __TI_prof_data_start                 
ffffffff  __binit__                            
ffffffff  binit                                
UNDEFED   __mpu_init                           
UNDEFED   _system_post_cinit                   

[161 symbols]
