******************************************************************************
            TI ARM Clang Linker PC v4.0.3                      
******************************************************************************
>> Linked Wed Jul 30 11:29:48 2025

OUTPUT FILE NAME:   <mspm0-modules.out>
ENTRY POINT SYMBOL: "_c_int00_noargs"  address: 000019e5


MEMORY CONFIGURATION

         name            origin    length      used     unused   attr    fill
----------------------  --------  ---------  --------  --------  ----  --------
  FLASH                 00000000   00020000  00002858  0001d7a8  R  X
  SRAM                  20200000   00008000  00000300  00007d00  RW X
  BCR_CONFIG            41c00000   000000ff  00000000  000000ff  R   
  BSL_CONFIG            41c00100   00000080  00000000  00000080  R   


SEGMENT ALLOCATION MAP

run origin  load origin   length   init length attrs members
----------  ----------- ---------- ----------- ----- -------
00000000    00000000    00002858   00002858    r-x
  00000000    00000000    000000c0   000000c0    r-- .intvecs
  000000c0    000000c0    00001ee0   00001ee0    r-x .text
  00001fa0    00001fa0    00000880   00000880    r-- .rodata
  00002820    00002820    00000038   00000038    r-- .cinit
20200000    20200000    00000100   00000000    rw-
  20200000    20200000    000000d4   00000000    rw- .bss
  202000d4    202000d4    0000002c   00000000    rw- .data
20207e00    20207e00    00000200   00000000    rw-
  20207e00    20207e00    00000200   00000000    rw- .stack


SECTION ALLOCATION MAP

 output                                  attributes/
section   page    origin      length       input sections
--------  ----  ----------  ----------   ----------------
.intvecs   0    00000000    000000c0     
                  00000000    000000c0     startup_mspm0g350x_ticlang.o (.intvecs)

.text      0    000000c0    00001ee0     
                  000000c0    0000027c     servo.o (.text.Servo_TrackPID)
                  0000033c    00000134     main.o (.text.task_two)
                  00000470    00000118     oled_hardware_i2c.o (.text.OLED_ShowChar)
                  00000588    00000110     oled_hardware_i2c.o (.text.OLED_Init)
                  00000698    00000104     driverlib.a : dl_timer.o (.text.DL_Timer_initFourCCPWMMode)
                  0000079c    000000f6     oled_hardware_i2c.o (.text.OLED_ShowNum)
                  00000892    00000002     libclang_rt.builtins.a : aeabi_div0.c.obj (.text.__aeabi_idiv0)
                  00000894    000000f4     main.o (.text.UART2_IRQHandler)
                  00000988    000000dc     driverlib.a : dl_sysctl_mspm0g1x0x_g3x0x.o (.text.DL_SYSCTL_configSYSPLL)
                  00000a64    000000d8     libclang_rt.builtins.a : addsf3.S.obj (.text)
                  00000b3c    00000098     oled_hardware_i2c.o (.text.OLED_WR_Byte)
                  00000bd4    00000090     ti_msp_dl_config.o (.text.SYSCFG_DL_PWM_SERVO_init)
                  00000c64    0000008c     libclang_rt.builtins.a : mulsf3.S.obj (.text.__mulsf3)
                  00000cf0    00000084     ti_msp_dl_config.o (.text.SYSCFG_DL_GPIO_init)
                  00000d74    00000084     clock.o (.text.__NVIC_SetPriority)
                  00000df8    0000007c     libc.a : copy_decompress_lzss.c.obj (.text:decompress:lzss)
                  00000e74    00000070     oled_hardware_i2c.o (.text.OLED_ShowString)
                  00000ee4    0000006a     oled_hardware_i2c.o (.text.OLED_Clear)
                  00000f4e    00000002     --HOLE-- [fill = 0]
                  00000f50    00000068     ti_msp_dl_config.o (.text.SYSCFG_DL_initPower)
                  00000fb8    00000064     servo.o (.text.Servo_PID_Init)
                  0000101c    00000062     libclang_rt.builtins.a : aeabi_fcmp.S.obj (.text.__aeabi_fcmp)
                  0000107e    00000002     --HOLE-- [fill = 0]
                  00001080    00000060     oled_hardware_i2c.o (.text.oled_i2c_sda_unlock)
                  000010e0    0000005e     driverlib.a : dl_i2c.o (.text.DL_I2C_fillControllerTXFIFO)
                  0000113e    00000002     --HOLE-- [fill = 0]
                  00001140    0000005c     oled_hardware_i2c.o (.text.mspm0_i2c_enable)
                  0000119c    00000058     ti_msp_dl_config.o (.text.SYSCFG_DL_I2C_OLED_init)
                  000011f4    00000056     libclang_rt.builtins.a : aeabi_idivmod.S.obj (.text.__aeabi_idivmod)
                  0000124a    00000002     --HOLE-- [fill = 0]
                  0000124c    00000050     oled_hardware_i2c.o (.text.DL_I2C_startControllerTransfer)
                  0000129c    00000050     clock.o (.text.SysTick_Config)
                  000012ec    0000004c     ti_msp_dl_config.o (.text.DL_UART_setBaudRateDivisor)
                  00001338    0000004c     ti_msp_dl_config.o (.text.SYSCFG_DL_UART_OPENMV_init)
                  00001384    00000048     driverlib.a : dl_uart.o (.text.DL_UART_init)
                  000013cc    00000044                 : dl_sysctl_mspm0g1x0x_g3x0x.o (.text.DL_SYSCTL_switchMCLKfromSYSOSCtoHSCLK)
                  00001410    00000044     oled_hardware_i2c.o (.text.mspm0_i2c_disable)
                  00001454    00000040     servo.o (.text.Servo_xSetAngle)
                  00001494    00000040     libclang_rt.builtins.a : aeabi_uidivmod.S.obj (.text.__aeabi_uidivmod)
                  000014d4    0000003c     oled_hardware_i2c.o (.text.DL_GPIO_initPeripheralInputFunctionFeatures)
                  00001510    0000003c     ti_msp_dl_config.o (.text.DL_GPIO_initPeripheralInputFunctionFeatures)
                  0000154c    0000003c     ti_msp_dl_config.o (.text.DL_Timer_setCounterControl)
                  00001588    0000003c     oled_hardware_i2c.o (.text.OLED_Set_Pos)
                  000015c4    0000003c     ti_msp_dl_config.o (.text.SYSCFG_DL_SYSCTL_init)
                  00001600    0000003c     servo.o (.text.Servo_ySetAngle)
                  0000163c    0000003c     libclang_rt.builtins.a : floatsisf.S.obj (.text.__floatsisf)
                  00001678    0000003c                            : comparesf2.S.obj (.text.__gtsf2)
                  000016b4    0000003c     libc.a : autoinit.c.obj (.text:__TI_auto_init_nobinit_nopinit)
                  000016f0    0000003a     libclang_rt.builtins.a : comparesf2.S.obj (.text.__eqsf2)
                  0000172a    00000002     --HOLE-- [fill = 0]
                  0000172c    0000003a                            : muldsi3.S.obj (.text.__muldsi3)
                  00001766    00000002     --HOLE-- [fill = 0]
                  00001768    00000038                            : fixsfsi.S.obj (.text.__fixsfsi)
                  000017a0    00000038     main.o (.text.main)
                  000017d8    00000034     oled_hardware_i2c.o (.text.DL_GPIO_initDigitalInputFeatures)
                  0000180c    00000030     clock.o (.text.mspm0_delay_ms)
                  0000183c    00000030     oled_hardware_i2c.o (.text.oled_pow)
                  0000186c    0000002c     main.o (.text.__NVIC_ClearPendingIRQ)
                  00001898    0000002c     interrupt.o (.text.__NVIC_EnableIRQ)
                  000018c4    0000002c     main.o (.text.__NVIC_EnableIRQ)
                  000018f0    0000002c     clock.o (.text.mspm0_get_clock_ms)
                  0000191c    00000028     oled_hardware_i2c.o (.text.DL_Common_updateReg)
                  00001944    00000028     ti_msp_dl_config.o (.text.DL_Common_updateReg)
                  0000196c    00000028     ti_msp_dl_config.o (.text.DL_I2C_setControllerRXFIFOThreshold)
                  00001994    00000028     ti_msp_dl_config.o (.text.DL_I2C_setControllerTXFIFOThreshold)
                  000019bc    00000028     ti_msp_dl_config.o (.text.SYSCFG_DL_init)
                  000019e4    00000028     libc.a : boot_cortex_m.c.obj (.text:_c_int00_noargs)
                  00001a0c    00000026     ti_msp_dl_config.o (.text.DL_I2C_setAnalogGlitchFilterPulseWidth)
                  00001a32    00000026     driverlib.a : dl_i2c.o (.text.DL_I2C_setClockConfig)
                  00001a58    00000020     ti_msp_dl_config.o (.text.DL_GPIO_initPeripheralInputFunction)
                  00001a78    00000020     ti_msp_dl_config.o (.text.DL_SYSCTL_setFlashWaitState)
                  00001a98    0000001e     ti_msp_dl_config.o (.text.DL_UART_setOversampling)
                  00001ab6    00000002     --HOLE-- [fill = 0]
                  00001ab8    0000001c     oled_hardware_i2c.o (.text.DL_GPIO_enableHiZ)
                  00001ad4    0000001c     ti_msp_dl_config.o (.text.DL_GPIO_enableHiZ)
                  00001af0    0000001c     ti_msp_dl_config.o (.text.DL_GPIO_initPeripheralOutputFunction)
                  00001b0c    0000001c     oled_hardware_i2c.o (.text.DL_I2C_getSDAStatus)
                  00001b28    0000001c     interrupt.o (.text.DL_Interrupt_getPendingGroup)
                  00001b44    0000001c     ti_msp_dl_config.o (.text.DL_SYSCTL_setSYSOSCFreq)
                  00001b60    0000001c     ti_msp_dl_config.o (.text.DL_SYSCTL_setULPCLKDivider)
                  00001b7c    0000001c     driverlib.a : dl_timer.o (.text.DL_Timer_setCaptCompUpdateMethod)
                  00001b98    0000001c                 : dl_timer.o (.text.DL_Timer_setClockConfig)
                  00001bb4    0000001c     ti_msp_dl_config.o (.text.DL_UART_enableInterrupt)
                  00001bd0    0000001c     interrupt.o (.text.Interrupt_Init)
                  00001bec    00000018     oled_hardware_i2c.o (.text.DL_GPIO_enableOutput)
                  00001c04    00000018     ti_msp_dl_config.o (.text.DL_GPIO_enableOutput)
                  00001c1c    00000018     ti_msp_dl_config.o (.text.DL_GPIO_enablePower)
                  00001c34    00000018     oled_hardware_i2c.o (.text.DL_GPIO_initDigitalOutput)
                  00001c4c    00000018     ti_msp_dl_config.o (.text.DL_GPIO_reset)
                  00001c64    00000018     oled_hardware_i2c.o (.text.DL_GPIO_setPins)
                  00001c7c    00000018     oled_hardware_i2c.o (.text.DL_I2C_clearInterruptStatus)
                  00001c94    00000018     ti_msp_dl_config.o (.text.DL_I2C_enableAnalogGlitchFilter)
                  00001cac    00000018     ti_msp_dl_config.o (.text.DL_I2C_enableController)
                  00001cc4    00000018     ti_msp_dl_config.o (.text.DL_I2C_enableControllerClockStretching)
                  00001cdc    00000018     oled_hardware_i2c.o (.text.DL_I2C_enablePower)
                  00001cf4    00000018     ti_msp_dl_config.o (.text.DL_I2C_enablePower)
                  00001d0c    00000018     oled_hardware_i2c.o (.text.DL_I2C_getRawInterruptStatus)
                  00001d24    00000018     oled_hardware_i2c.o (.text.DL_I2C_reset)
                  00001d3c    00000018     ti_msp_dl_config.o (.text.DL_I2C_reset)
                  00001d54    00000018     ti_msp_dl_config.o (.text.DL_I2C_setTimerPeriod)
                  00001d6c    00000018     ti_msp_dl_config.o (.text.DL_SYSCTL_setBORThreshold)
                  00001d84    00000018     ti_msp_dl_config.o (.text.DL_Timer_enablePower)
                  00001d9c    00000018     ti_msp_dl_config.o (.text.DL_Timer_reset)
                  00001db4    00000018     driverlib.a : dl_timer.o (.text.DL_Timer_setCaptureCompareOutCtl)
                  00001dcc    00000018     ti_msp_dl_config.o (.text.DL_UART_enablePower)
                  00001de4    00000018     ti_msp_dl_config.o (.text.DL_UART_reset)
                  00001dfc    00000018     clock.o (.text.SysTick_Init)
                  00001e14    00000016     oled_hardware_i2c.o (.text.DL_GPIO_readPins)
                  00001e2a    00000016     ti_msp_dl_config.o (.text.DL_UART_enable)
                  00001e40    00000016     libc.a : copy_zero_init.c.obj (.text:decompress:ZI:__TI_zero_init_nomemset)
                  00001e56    00000014     oled_hardware_i2c.o (.text.DL_GPIO_clearPins)
                  00001e6a    00000002     --HOLE-- [fill = 0]
                  00001e6c    00000014     oled_hardware_i2c.o (.text.DL_I2C_getControllerStatus)
                  00001e80    00000014     ti_msp_dl_config.o (.text.DL_I2C_resetControllerTransfer)
                  00001e94    00000014     ti_msp_dl_config.o (.text.DL_SYSCTL_disableSYSPLL)
                  00001ea8    00000014     ti_msp_dl_config.o (.text.DL_Timer_enableClock)
                  00001ebc    00000014     ti_msp_dl_config.o (.text.DL_Timer_setCCPDirection)
                  00001ed0    00000014     main.o (.text.DL_UART_receiveData)
                  00001ee4    00000012     main.o (.text.DL_UART_getPendingInterrupt)
                  00001ef6    00000012     driverlib.a : dl_uart.o (.text.DL_UART_setClockConfig)
                  00001f08    00000012     libc.a : memcpy16.S.obj (.text:TI_memcpy_small)
                  00001f1a    00000012            : copy_decompress_none.c.obj (.text:decompress:none)
                  00001f2c    00000010     ti_msp_dl_config.o (.text.DL_SYSCTL_disableHFXT)
                  00001f3c    00000010     driverlib.a : dl_timer.o (.text.DL_Timer_setCaptureCompareValue)
                  00001f4c    00000010     interrupt.o (.text.SysTick_Handler)
                  00001f5c    00000010     oled_hardware_i2c.o (.text.delay_ms)
                  00001f6c    0000000a     driverlib.a : dl_common.o (.text.DL_Common_delayCycles)
                  00001f76    0000000a     interrupt.o (.text.GROUP1_IRQHandler)
                  00001f80    00000008     libclang_rt.builtins.a : aeabi_memcpy.S.obj (.text.__aeabi_memcpy)
                  00001f88    00000006     libc.a : exit.c.obj (.text:abort)
                  00001f8e    00000004     startup_mspm0g350x_ticlang.o (.text.Default_Handler)
                  00001f92    00000004     libsysbm.a : hostexit.c.obj (.text.HOSTexit)
                  00001f96    00000004     startup_mspm0g350x_ticlang.o (.text.Reset_Handler)
                  00001f9a    00000004     libc.a : pre_init.c.obj (.text._system_pre_init)
                  00001f9e    00000002     --HOLE-- [fill = 0]

.cinit     0    00002820    00000038     
                  00002820    00000011     (.cinit..data.load) [load image, compression = lzss]
                  00002831    00000003     --HOLE-- [fill = 0]
                  00002834    0000000c     (__TI_handler_table)
                  00002840    00000008     (.cinit..bss.load) [load image, compression = zero_init]
                  00002848    00000010     (__TI_cinit_table)

.rodata    0    00001fa0    00000880     
                  00001fa0    000005f0     oled_hardware_i2c.o (.rodata.asc2_1608)
                  00002590    00000228     oled_hardware_i2c.o (.rodata.asc2_0806)
                  000027b8    00000028     ti_msp_dl_config.o (.rodata.gSYSPLLConfig)
                  000027e0    0000000d     main.o (.rodata.str1.2846389346932560359.1)
                  000027ed    00000001     --HOLE-- [fill = 0]
                  000027ee    0000000a     ti_msp_dl_config.o (.rodata.gUART_OPENMVConfig)
                  000027f8    00000008     ti_msp_dl_config.o (.rodata.gPWM_SERVOConfig)
                  00002800    00000008     main.o (.rodata.str1.8154729771448623357.1)
                  00002808    00000007     main.o (.rodata.str1.17100691992556644108.1)
                  0000280f    00000004     main.o (.rodata.str1.18227636981041470289.1)
                  00002813    00000003     ti_msp_dl_config.o (.rodata.gPWM_SERVOClockConfig)
                  00002816    00000002     ti_msp_dl_config.o (.rodata.gI2C_OLEDClockConfig)
                  00002818    00000002     ti_msp_dl_config.o (.rodata.gUART_OPENMVClockConfig)
                  0000281a    00000006     --HOLE-- [fill = 0]

.init_array 
*          0    00000000    00000000     UNINITIALIZED

.binit     0    00000000    00000000     

.bss       0    20200000    000000d4     UNINITIALIZED
                  20200000    000000bc     (.common:gPWM_SERVOBackup)
                  202000bc    00000005     (.common:g_uartRxBuffer)
                  202000c1    00000003     --HOLE--
                  202000c4    00000004     (.common:g_servo_angle_x)
                  202000c8    00000004     (.common:g_servo_angle_y)
                  202000cc    00000004     (.common:start_time)
                  202000d0    00000004     (.common:tick_ms)

.data      0    202000d4    0000002c     UNINITIALIZED
                  202000d4    00000008     main.o (.data.g_current_target)
                  202000dc    00000008     main.o (.data.g_laser_coord)
                  202000e4    00000004     servo.o (.data.error_x)
                  202000e8    00000004     servo.o (.data.error_y)
                  202000ec    00000004     servo.o (.data.integral_x)
                  202000f0    00000004     servo.o (.data.integral_y)
                  202000f4    00000004     servo.o (.data.last_error_x)
                  202000f8    00000004     servo.o (.data.last_error_y)
                  202000fc    00000001     interrupt.o (.data.enable_group1_irq)
                  202000fd    00000001     main.o (.data.g_control_state)
                  202000fe    00000001     main.o (.data.g_new_data_received)
                  202000ff    00000001     main.o (.data.g_rxIndex)

.stack     0    20207e00    00000200     UNINITIALIZED
                  20207e00    00000004     libc.a : boot_cortex_m.c.obj (.stack)
                  20207e04    000001fc     --HOLE--

__llvm_prf_cnts 
*          0    20200000    00000000     UNINITIALIZED

__llvm_prf_bits 
*          0    20200000    00000000     UNINITIALIZED

MODULE SUMMARY

       Module                         code   ro data   rw data
       ------                         ----   -------   -------
    .\
       ti_msp_dl_config.o             1686   65        188    
       main.o                         734    32        24     
       startup_mspm0g350x_ticlang.o   8      192       0      
    +--+------------------------------+------+---------+---------+
       Total:                         2428   289       212    
                                                              
    .\Drivers\MSPM0\
       clock.o                        328    0         8      
       interrupt.o                    126    0         1      
    +--+------------------------------+------+---------+---------+
       Total:                         454    0         9      
                                                              
    .\Drivers\OLED_Hardware_I2C\
       oled_hardware_i2c.o            2066   2072      0      
    +--+------------------------------+------+---------+---------+
       Total:                         2066   2072      0      
                                                              
    .\Drivers\SERVO\
       servo.o                        860    0         32     
    +--+------------------------------+------+---------+---------+
       Total:                         860    0         32     
                                                              
    D:/TI/mspm0_sdk_2_05_01_00/source/ti/driverlib/lib/ticlang/m0p/mspm0g1x0x_g3x0x/driverlib.a
       dl_timer.o                     356    0         0      
       dl_sysctl_mspm0g1x0x_g3x0x.o   288    0         0      
       dl_i2c.o                       132    0         0      
       dl_uart.o                      90     0         0      
       dl_common.o                    10     0         0      
    +--+------------------------------+------+---------+---------+
       Total:                         876    0         0      
                                                              
    D:\TI\CCS\ccs\tools\compiler\ti-cgt-armllvm_4.0.3.LTS\lib\armv6m-ti-none-eabi/c/libc.a
       copy_decompress_lzss.c.obj     124    0         0      
       autoinit.c.obj                 60     0         0      
       boot_cortex_m.c.obj            40     0         0      
       copy_zero_init.c.obj           22     0         0      
       copy_decompress_none.c.obj     18     0         0      
       memcpy16.S.obj                 18     0         0      
       exit.c.obj                     6      0         0      
       pre_init.c.obj                 4      0         0      
    +--+------------------------------+------+---------+---------+
       Total:                         292    0         0      
                                                              
    D:\TI\CCS\ccs\tools\compiler\ti-cgt-armllvm_4.0.3.LTS\lib\armv6m-ti-none-eabi/c/libsysbm.a
       hostexit.c.obj                 4      0         0      
    +--+------------------------------+------+---------+---------+
       Total:                         4      0         0      
                                                              
    D:\TI\CCS\ccs\tools\compiler\ti-cgt-armllvm_4.0.3.LTS\lib\armv6m-ti-none-eabi/libclang_rt.builtins.a
       addsf3.S.obj                   216    0         0      
       mulsf3.S.obj                   140    0         0      
       comparesf2.S.obj               118    0         0      
       aeabi_fcmp.S.obj               98     0         0      
       aeabi_idivmod.S.obj            86     0         0      
       aeabi_uidivmod.S.obj           64     0         0      
       floatsisf.S.obj                60     0         0      
       muldsi3.S.obj                  58     0         0      
       fixsfsi.S.obj                  56     0         0      
       aeabi_memcpy.S.obj             8      0         0      
       aeabi_div0.c.obj               2      0         0      
    +--+------------------------------+------+---------+---------+
       Total:                         906    0         0      
                                                              
       Stack:                         0      0         512    
       Linker Generated:              0      53        0      
    +--+------------------------------+------+---------+---------+
       Grand Total:                   7886   2414      765    


LINKER GENERATED COPY TABLES

__TI_cinit_table @ 00002848 records: 2, size/record: 8, table size: 16
	.data: load addr=00002820, load size=00000011 bytes, run addr=202000d4, run size=0000002c bytes, compression=lzss
	.bss: load addr=00002840, load size=00000008 bytes, run addr=20200000, run size=000000d4 bytes, compression=zero_init


LINKER GENERATED HANDLER TABLE

__TI_handler_table @ 00002834 records: 3, size/record: 4, table size: 12
	index: 0, handler: __TI_decompress_lzss
	index: 1, handler: __TI_decompress_none
	index: 2, handler: __TI_zero_init


GLOBAL SYMBOLS: SORTED ALPHABETICALLY BY Name 

address   name                                 
-------   ----                                 
00001f8f  ADC0_IRQHandler                      
00001f8f  ADC1_IRQHandler                      
00001f8f  AES_IRQHandler                       
00001f92  C$$EXIT                              
00001f8f  CANFD0_IRQHandler                    
00001f8f  DAC0_IRQHandler                      
00001f6d  DL_Common_delayCycles                
000010e1  DL_I2C_fillControllerTXFIFO          
00001a33  DL_I2C_setClockConfig                
00000989  DL_SYSCTL_configSYSPLL               
000013cd  DL_SYSCTL_switchMCLKfromSYSOSCtoHSCLK
00000699  DL_Timer_initFourCCPWMMode           
00001b7d  DL_Timer_setCaptCompUpdateMethod     
00001db5  DL_Timer_setCaptureCompareOutCtl     
00001f3d  DL_Timer_setCaptureCompareValue      
00001b99  DL_Timer_setClockConfig              
00001385  DL_UART_init                         
00001ef7  DL_UART_setClockConfig               
00001f8f  DMA_IRQHandler                       
00001f8f  Default_Handler                      
00001f8f  GROUP0_IRQHandler                    
00001f77  GROUP1_IRQHandler                    
00001f93  HOSTexit                             
00001f8f  HardFault_Handler                    
00001f8f  I2C0_IRQHandler                      
00001f8f  I2C1_IRQHandler                      
00001bd1  Interrupt_Init                       
00001f8f  NMI_Handler                          
00000ee5  OLED_Clear                           
00000589  OLED_Init                            
00001589  OLED_Set_Pos                         
00000471  OLED_ShowChar                        
0000079d  OLED_ShowNum                         
00000e75  OLED_ShowString                      
00000b3d  OLED_WR_Byte                         
00001f8f  PendSV_Handler                       
00001f8f  RTC_IRQHandler                       
00001f97  Reset_Handler                        
00001f8f  SPI0_IRQHandler                      
00001f8f  SPI1_IRQHandler                      
00001f8f  SVC_Handler                          
00000cf1  SYSCFG_DL_GPIO_init                  
0000119d  SYSCFG_DL_I2C_OLED_init              
00000bd5  SYSCFG_DL_PWM_SERVO_init             
000015c5  SYSCFG_DL_SYSCTL_init                
00001339  SYSCFG_DL_UART_OPENMV_init           
000019bd  SYSCFG_DL_init                       
00000f51  SYSCFG_DL_initPower                  
00000fb9  Servo_PID_Init                       
000000c1  Servo_TrackPID                       
00001455  Servo_xSetAngle                      
00001601  Servo_ySetAngle                      
00001f4d  SysTick_Handler                      
00001dfd  SysTick_Init                         
00001f8f  TIMA0_IRQHandler                     
00001f8f  TIMA1_IRQHandler                     
00001f8f  TIMG0_IRQHandler                     
00001f8f  TIMG12_IRQHandler                    
00001f8f  TIMG6_IRQHandler                     
00001f8f  TIMG7_IRQHandler                     
00001f8f  TIMG8_IRQHandler                     
00001f09  TI_memcpy_small                      
00001f8f  UART0_IRQHandler                     
00001f8f  UART1_IRQHandler                     
00000895  UART2_IRQHandler                     
00001f8f  UART3_IRQHandler                     
20208000  __STACK_END                          
00000200  __STACK_SIZE                         
00000000  __TI_ATRegion0_region_sz             
00000000  __TI_ATRegion0_src_addr              
00000000  __TI_ATRegion0_trg_addr              
00000000  __TI_ATRegion1_region_sz             
00000000  __TI_ATRegion1_src_addr              
00000000  __TI_ATRegion1_trg_addr              
00000000  __TI_ATRegion2_region_sz             
00000000  __TI_ATRegion2_src_addr              
00000000  __TI_ATRegion2_trg_addr              
00002848  __TI_CINIT_Base                      
00002858  __TI_CINIT_Limit                     
00002858  __TI_CINIT_Warm                      
00002834  __TI_Handler_Table_Base              
00002840  __TI_Handler_Table_Limit             
000016b5  __TI_auto_init_nobinit_nopinit       
00000df9  __TI_decompress_lzss                 
00001f1b  __TI_decompress_none                 
ffffffff  __TI_pprof_out_hndl                  
ffffffff  __TI_prof_data_size                  
ffffffff  __TI_prof_data_start                 
00000000  __TI_static_base__                   
00001e41  __TI_zero_init_nomemset              
00000a6f  __addsf3                             
00001769  __aeabi_f2iz                         
00000a6f  __aeabi_fadd                         
0000101d  __aeabi_fcmpeq                       
00001059  __aeabi_fcmpge                       
0000106d  __aeabi_fcmpgt                       
00001045  __aeabi_fcmple                       
00001031  __aeabi_fcmplt                       
00000c65  __aeabi_fmul                         
00000a65  __aeabi_fsub                         
0000163d  __aeabi_i2f                          
000011f5  __aeabi_idiv                         
00000893  __aeabi_idiv0                        
000011f5  __aeabi_idivmod                      
00001f81  __aeabi_memcpy                       
00001f81  __aeabi_memcpy4                      
00001f81  __aeabi_memcpy8                      
00001495  __aeabi_uidiv                        
00001495  __aeabi_uidivmod                     
ffffffff  __binit__                            
000016f1  __cmpsf2                             
000016f1  __eqsf2                              
00001769  __fixsfsi                            
0000163d  __floatsisf                          
00001679  __gesf2                              
00001679  __gtsf2                              
000016f1  __lesf2                              
000016f1  __ltsf2                              
UNDEFED   __mpu_init                           
0000172d  __muldsi3                            
00000c65  __mulsf3                             
000016f1  __nesf2                              
20207e00  __stack                              
20200000  __start___llvm_prf_bits              
20200000  __start___llvm_prf_cnts              
20200000  __stop___llvm_prf_bits               
20200000  __stop___llvm_prf_cnts               
00000a65  __subsf3                             
000019e5  _c_int00_noargs                      
UNDEFED   _system_post_cinit                   
00001f9b  _system_pre_init                     
00001f89  abort                                
00002590  asc2_0806                            
00001fa0  asc2_1608                            
ffffffff  binit                                
00001f5d  delay_ms                             
202000fc  enable_group1_irq                    
202000e4  error_x                              
202000e8  error_y                              
20200000  gPWM_SERVOBackup                     
202000fd  g_control_state                      
202000d4  g_current_target                     
202000dc  g_laser_coord                        
202000fe  g_new_data_received                  
202000ff  g_rxIndex                            
202000c4  g_servo_angle_x                      
202000c8  g_servo_angle_y                      
202000bc  g_uartRxBuffer                       
202000ec  integral_x                           
202000f0  integral_y                           
00000000  interruptVectors                     
202000f4  last_error_x                         
202000f8  last_error_y                         
000017a1  main                                 
0000180d  mspm0_delay_ms                       
000018f1  mspm0_get_clock_ms                   
00001081  oled_i2c_sda_unlock                  
0000183d  oled_pow                             
202000cc  start_time                           
0000033d  task_two                             
202000d0  tick_ms                              


GLOBAL SYMBOLS: SORTED BY Symbol Address 

address   name                                 
-------   ----                                 
00000000  __TI_ATRegion0_region_sz             
00000000  __TI_ATRegion0_src_addr              
00000000  __TI_ATRegion0_trg_addr              
00000000  __TI_ATRegion1_region_sz             
00000000  __TI_ATRegion1_src_addr              
00000000  __TI_ATRegion1_trg_addr              
00000000  __TI_ATRegion2_region_sz             
00000000  __TI_ATRegion2_src_addr              
00000000  __TI_ATRegion2_trg_addr              
00000000  __TI_static_base__                   
00000000  interruptVectors                     
000000c1  Servo_TrackPID                       
00000200  __STACK_SIZE                         
0000033d  task_two                             
00000471  OLED_ShowChar                        
00000589  OLED_Init                            
00000699  DL_Timer_initFourCCPWMMode           
0000079d  OLED_ShowNum                         
00000893  __aeabi_idiv0                        
00000895  UART2_IRQHandler                     
00000989  DL_SYSCTL_configSYSPLL               
00000a65  __aeabi_fsub                         
00000a65  __subsf3                             
00000a6f  __addsf3                             
00000a6f  __aeabi_fadd                         
00000b3d  OLED_WR_Byte                         
00000bd5  SYSCFG_DL_PWM_SERVO_init             
00000c65  __aeabi_fmul                         
00000c65  __mulsf3                             
00000cf1  SYSCFG_DL_GPIO_init                  
00000df9  __TI_decompress_lzss                 
00000e75  OLED_ShowString                      
00000ee5  OLED_Clear                           
00000f51  SYSCFG_DL_initPower                  
00000fb9  Servo_PID_Init                       
0000101d  __aeabi_fcmpeq                       
00001031  __aeabi_fcmplt                       
00001045  __aeabi_fcmple                       
00001059  __aeabi_fcmpge                       
0000106d  __aeabi_fcmpgt                       
00001081  oled_i2c_sda_unlock                  
000010e1  DL_I2C_fillControllerTXFIFO          
0000119d  SYSCFG_DL_I2C_OLED_init              
000011f5  __aeabi_idiv                         
000011f5  __aeabi_idivmod                      
00001339  SYSCFG_DL_UART_OPENMV_init           
00001385  DL_UART_init                         
000013cd  DL_SYSCTL_switchMCLKfromSYSOSCtoHSCLK
00001455  Servo_xSetAngle                      
00001495  __aeabi_uidiv                        
00001495  __aeabi_uidivmod                     
00001589  OLED_Set_Pos                         
000015c5  SYSCFG_DL_SYSCTL_init                
00001601  Servo_ySetAngle                      
0000163d  __aeabi_i2f                          
0000163d  __floatsisf                          
00001679  __gesf2                              
00001679  __gtsf2                              
000016b5  __TI_auto_init_nobinit_nopinit       
000016f1  __cmpsf2                             
000016f1  __eqsf2                              
000016f1  __lesf2                              
000016f1  __ltsf2                              
000016f1  __nesf2                              
0000172d  __muldsi3                            
00001769  __aeabi_f2iz                         
00001769  __fixsfsi                            
000017a1  main                                 
0000180d  mspm0_delay_ms                       
0000183d  oled_pow                             
000018f1  mspm0_get_clock_ms                   
000019bd  SYSCFG_DL_init                       
000019e5  _c_int00_noargs                      
00001a33  DL_I2C_setClockConfig                
00001b7d  DL_Timer_setCaptCompUpdateMethod     
00001b99  DL_Timer_setClockConfig              
00001bd1  Interrupt_Init                       
00001db5  DL_Timer_setCaptureCompareOutCtl     
00001dfd  SysTick_Init                         
00001e41  __TI_zero_init_nomemset              
00001ef7  DL_UART_setClockConfig               
00001f09  TI_memcpy_small                      
00001f1b  __TI_decompress_none                 
00001f3d  DL_Timer_setCaptureCompareValue      
00001f4d  SysTick_Handler                      
00001f5d  delay_ms                             
00001f6d  DL_Common_delayCycles                
00001f77  GROUP1_IRQHandler                    
00001f81  __aeabi_memcpy                       
00001f81  __aeabi_memcpy4                      
00001f81  __aeabi_memcpy8                      
00001f89  abort                                
00001f8f  ADC0_IRQHandler                      
00001f8f  ADC1_IRQHandler                      
00001f8f  AES_IRQHandler                       
00001f8f  CANFD0_IRQHandler                    
00001f8f  DAC0_IRQHandler                      
00001f8f  DMA_IRQHandler                       
00001f8f  Default_Handler                      
00001f8f  GROUP0_IRQHandler                    
00001f8f  HardFault_Handler                    
00001f8f  I2C0_IRQHandler                      
00001f8f  I2C1_IRQHandler                      
00001f8f  NMI_Handler                          
00001f8f  PendSV_Handler                       
00001f8f  RTC_IRQHandler                       
00001f8f  SPI0_IRQHandler                      
00001f8f  SPI1_IRQHandler                      
00001f8f  SVC_Handler                          
00001f8f  TIMA0_IRQHandler                     
00001f8f  TIMA1_IRQHandler                     
00001f8f  TIMG0_IRQHandler                     
00001f8f  TIMG12_IRQHandler                    
00001f8f  TIMG6_IRQHandler                     
00001f8f  TIMG7_IRQHandler                     
00001f8f  TIMG8_IRQHandler                     
00001f8f  UART0_IRQHandler                     
00001f8f  UART1_IRQHandler                     
00001f8f  UART3_IRQHandler                     
00001f92  C$$EXIT                              
00001f93  HOSTexit                             
00001f97  Reset_Handler                        
00001f9b  _system_pre_init                     
00001fa0  asc2_1608                            
00002590  asc2_0806                            
00002834  __TI_Handler_Table_Base              
00002840  __TI_Handler_Table_Limit             
00002848  __TI_CINIT_Base                      
00002858  __TI_CINIT_Limit                     
00002858  __TI_CINIT_Warm                      
20200000  __start___llvm_prf_bits              
20200000  __start___llvm_prf_cnts              
20200000  __stop___llvm_prf_bits               
20200000  __stop___llvm_prf_cnts               
20200000  gPWM_SERVOBackup                     
202000bc  g_uartRxBuffer                       
202000c4  g_servo_angle_x                      
202000c8  g_servo_angle_y                      
202000cc  start_time                           
202000d0  tick_ms                              
202000d4  g_current_target                     
202000dc  g_laser_coord                        
202000e4  error_x                              
202000e8  error_y                              
202000ec  integral_x                           
202000f0  integral_y                           
202000f4  last_error_x                         
202000f8  last_error_y                         
202000fc  enable_group1_irq                    
202000fd  g_control_state                      
202000fe  g_new_data_received                  
202000ff  g_rxIndex                            
20207e00  __stack                              
20208000  __STACK_END                          
ffffffff  __TI_pprof_out_hndl                  
ffffffff  __TI_prof_data_size                  
ffffffff  __TI_prof_data_start                 
ffffffff  __binit__                            
ffffffff  binit                                
UNDEFED   __mpu_init                           
UNDEFED   _system_post_cinit                   

[161 symbols]
