******************************************************************************
            TI ARM Clang Linker PC v4.0.3                      
******************************************************************************
>> Linked Sun Jul 27 21:05:35 2025

OUTPUT FILE NAME:   <mspm0-modules.out>
ENTRY POINT SYMBOL: "_c_int00_noargs"  address: 00001931


MEMORY CONFIGURATION

         name            origin    length      used     unused   attr    fill
----------------------  --------  ---------  --------  --------  ----  --------
  FLASH                 00000000   00020000  00002790  0001d870  R  X
  SRAM                  20200000   00008000  000002ff  00007d01  RW X
  BCR_CONFIG            41c00000   000000ff  00000000  000000ff  R   
  BSL_CONFIG            41c00100   00000080  00000000  00000080  R   


SEGMENT ALLOCATION MAP

run origin  load origin   length   init length attrs members
----------  ----------- ---------- ----------- ----- -------
00000000    00000000    00002790   00002790    r-x
  00000000    00000000    000000c0   000000c0    r-- .intvecs
  000000c0    000000c0    00001e30   00001e30    r-x .text
  00001ef0    00001ef0    00000868   00000868    r-- .rodata
  00002758    00002758    00000038   00000038    r-- .cinit
20200000    20200000    000000ff   00000000    rw-
  20200000    20200000    000000d4   00000000    rw- .bss
  202000d4    202000d4    0000002b   00000000    rw- .data
20207e00    20207e00    00000200   00000000    rw-
  20207e00    20207e00    00000200   00000000    rw- .stack


SECTION ALLOCATION MAP

 output                                  attributes/
section   page    origin      length       input sections
--------  ----  ----------  ----------   ----------------
.intvecs   0    00000000    000000c0     
                  00000000    000000c0     startup_mspm0g350x_ticlang.o (.intvecs)

.text      0    000000c0    00001e30     
                  000000c0    00000278     servo.o (.text.Servo_TrackPID)
                  00000338    00000118     oled_hardware_i2c.o (.text.OLED_ShowChar)
                  00000450    00000110     oled_hardware_i2c.o (.text.OLED_Init)
                  00000560    00000104     driverlib.a : dl_timer.o (.text.DL_Timer_initFourCCPWMMode)
                  00000664    000000f6     oled_hardware_i2c.o (.text.OLED_ShowNum)
                  0000075a    00000002     libclang_rt.builtins.a : aeabi_div0.c.obj (.text.__aeabi_idiv0)
                  0000075c    000000e4     main.o (.text.main)
                  00000840    000000dc     driverlib.a : dl_sysctl_mspm0g1x0x_g3x0x.o (.text.DL_SYSCTL_configSYSPLL)
                  0000091c    000000d8     libclang_rt.builtins.a : addsf3.S.obj (.text)
                  000009f4    000000cc     main.o (.text.UART2_IRQHandler)
                  00000ac0    00000098     oled_hardware_i2c.o (.text.OLED_WR_Byte)
                  00000b58    00000090     ti_msp_dl_config.o (.text.SYSCFG_DL_PWM_SERVO_init)
                  00000be8    0000008c     libclang_rt.builtins.a : mulsf3.S.obj (.text.__mulsf3)
                  00000c74    00000084     ti_msp_dl_config.o (.text.SYSCFG_DL_GPIO_init)
                  00000cf8    00000084     clock.o (.text.__NVIC_SetPriority)
                  00000d7c    0000007c     libc.a : copy_decompress_lzss.c.obj (.text:decompress:lzss)
                  00000df8    00000070     oled_hardware_i2c.o (.text.OLED_ShowString)
                  00000e68    0000006a     oled_hardware_i2c.o (.text.OLED_Clear)
                  00000ed2    00000002     --HOLE-- [fill = 0]
                  00000ed4    00000068     ti_msp_dl_config.o (.text.SYSCFG_DL_initPower)
                  00000f3c    00000064     servo.o (.text.Servo_PID_Init)
                  00000fa0    00000062     libclang_rt.builtins.a : aeabi_fcmp.S.obj (.text.__aeabi_fcmp)
                  00001002    00000002     --HOLE-- [fill = 0]
                  00001004    00000060     oled_hardware_i2c.o (.text.oled_i2c_sda_unlock)
                  00001064    0000005e     driverlib.a : dl_i2c.o (.text.DL_I2C_fillControllerTXFIFO)
                  000010c2    00000002     --HOLE-- [fill = 0]
                  000010c4    0000005c     oled_hardware_i2c.o (.text.mspm0_i2c_enable)
                  00001120    00000058     ti_msp_dl_config.o (.text.SYSCFG_DL_I2C_OLED_init)
                  00001178    00000056     libclang_rt.builtins.a : aeabi_idivmod.S.obj (.text.__aeabi_idivmod)
                  000011ce    00000002     --HOLE-- [fill = 0]
                  000011d0    00000050     oled_hardware_i2c.o (.text.DL_I2C_startControllerTransfer)
                  00001220    00000050     clock.o (.text.SysTick_Config)
                  00001270    0000004c     ti_msp_dl_config.o (.text.DL_UART_setBaudRateDivisor)
                  000012bc    0000004c     ti_msp_dl_config.o (.text.SYSCFG_DL_UART_OPENMV_init)
                  00001308    00000048     driverlib.a : dl_uart.o (.text.DL_UART_init)
                  00001350    00000044                 : dl_sysctl_mspm0g1x0x_g3x0x.o (.text.DL_SYSCTL_switchMCLKfromSYSOSCtoHSCLK)
                  00001394    00000044     oled_hardware_i2c.o (.text.mspm0_i2c_disable)
                  000013d8    00000040     servo.o (.text.Servo_xSetAngle)
                  00001418    00000040     libclang_rt.builtins.a : aeabi_uidivmod.S.obj (.text.__aeabi_uidivmod)
                  00001458    0000003c     oled_hardware_i2c.o (.text.DL_GPIO_initPeripheralInputFunctionFeatures)
                  00001494    0000003c     ti_msp_dl_config.o (.text.DL_GPIO_initPeripheralInputFunctionFeatures)
                  000014d0    0000003c     ti_msp_dl_config.o (.text.DL_Timer_setCounterControl)
                  0000150c    0000003c     oled_hardware_i2c.o (.text.OLED_Set_Pos)
                  00001548    0000003c     ti_msp_dl_config.o (.text.SYSCFG_DL_SYSCTL_init)
                  00001584    0000003c     servo.o (.text.Servo_ySetAngle)
                  000015c0    0000003c     libclang_rt.builtins.a : floatsisf.S.obj (.text.__floatsisf)
                  000015fc    0000003c                            : comparesf2.S.obj (.text.__gtsf2)
                  00001638    0000003c     libc.a : autoinit.c.obj (.text:__TI_auto_init_nobinit_nopinit)
                  00001674    0000003a     libclang_rt.builtins.a : comparesf2.S.obj (.text.__eqsf2)
                  000016ae    00000002     --HOLE-- [fill = 0]
                  000016b0    0000003a                            : muldsi3.S.obj (.text.__muldsi3)
                  000016ea    00000002     --HOLE-- [fill = 0]
                  000016ec    00000038                            : fixsfsi.S.obj (.text.__fixsfsi)
                  00001724    00000034     oled_hardware_i2c.o (.text.DL_GPIO_initDigitalInputFeatures)
                  00001758    00000030     clock.o (.text.mspm0_delay_ms)
                  00001788    00000030     oled_hardware_i2c.o (.text.oled_pow)
                  000017b8    0000002c     main.o (.text.__NVIC_ClearPendingIRQ)
                  000017e4    0000002c     interrupt.o (.text.__NVIC_EnableIRQ)
                  00001810    0000002c     main.o (.text.__NVIC_EnableIRQ)
                  0000183c    0000002c     clock.o (.text.mspm0_get_clock_ms)
                  00001868    00000028     oled_hardware_i2c.o (.text.DL_Common_updateReg)
                  00001890    00000028     ti_msp_dl_config.o (.text.DL_Common_updateReg)
                  000018b8    00000028     ti_msp_dl_config.o (.text.DL_I2C_setControllerRXFIFOThreshold)
                  000018e0    00000028     ti_msp_dl_config.o (.text.DL_I2C_setControllerTXFIFOThreshold)
                  00001908    00000028     ti_msp_dl_config.o (.text.SYSCFG_DL_init)
                  00001930    00000028     libc.a : boot_cortex_m.c.obj (.text:_c_int00_noargs)
                  00001958    00000026     ti_msp_dl_config.o (.text.DL_I2C_setAnalogGlitchFilterPulseWidth)
                  0000197e    00000026     driverlib.a : dl_i2c.o (.text.DL_I2C_setClockConfig)
                  000019a4    00000020     ti_msp_dl_config.o (.text.DL_GPIO_initPeripheralInputFunction)
                  000019c4    00000020     ti_msp_dl_config.o (.text.DL_SYSCTL_setFlashWaitState)
                  000019e4    0000001e     ti_msp_dl_config.o (.text.DL_UART_setOversampling)
                  00001a02    00000002     --HOLE-- [fill = 0]
                  00001a04    0000001c     oled_hardware_i2c.o (.text.DL_GPIO_enableHiZ)
                  00001a20    0000001c     ti_msp_dl_config.o (.text.DL_GPIO_enableHiZ)
                  00001a3c    0000001c     ti_msp_dl_config.o (.text.DL_GPIO_initPeripheralOutputFunction)
                  00001a58    0000001c     oled_hardware_i2c.o (.text.DL_I2C_getSDAStatus)
                  00001a74    0000001c     interrupt.o (.text.DL_Interrupt_getPendingGroup)
                  00001a90    0000001c     ti_msp_dl_config.o (.text.DL_SYSCTL_setSYSOSCFreq)
                  00001aac    0000001c     ti_msp_dl_config.o (.text.DL_SYSCTL_setULPCLKDivider)
                  00001ac8    0000001c     driverlib.a : dl_timer.o (.text.DL_Timer_setCaptCompUpdateMethod)
                  00001ae4    0000001c                 : dl_timer.o (.text.DL_Timer_setClockConfig)
                  00001b00    0000001c     ti_msp_dl_config.o (.text.DL_UART_enableInterrupt)
                  00001b1c    0000001c     interrupt.o (.text.Interrupt_Init)
                  00001b38    00000018     oled_hardware_i2c.o (.text.DL_GPIO_enableOutput)
                  00001b50    00000018     ti_msp_dl_config.o (.text.DL_GPIO_enableOutput)
                  00001b68    00000018     ti_msp_dl_config.o (.text.DL_GPIO_enablePower)
                  00001b80    00000018     oled_hardware_i2c.o (.text.DL_GPIO_initDigitalOutput)
                  00001b98    00000018     ti_msp_dl_config.o (.text.DL_GPIO_reset)
                  00001bb0    00000018     oled_hardware_i2c.o (.text.DL_GPIO_setPins)
                  00001bc8    00000018     oled_hardware_i2c.o (.text.DL_I2C_clearInterruptStatus)
                  00001be0    00000018     ti_msp_dl_config.o (.text.DL_I2C_enableAnalogGlitchFilter)
                  00001bf8    00000018     ti_msp_dl_config.o (.text.DL_I2C_enableController)
                  00001c10    00000018     ti_msp_dl_config.o (.text.DL_I2C_enableControllerClockStretching)
                  00001c28    00000018     oled_hardware_i2c.o (.text.DL_I2C_enablePower)
                  00001c40    00000018     ti_msp_dl_config.o (.text.DL_I2C_enablePower)
                  00001c58    00000018     oled_hardware_i2c.o (.text.DL_I2C_getRawInterruptStatus)
                  00001c70    00000018     oled_hardware_i2c.o (.text.DL_I2C_reset)
                  00001c88    00000018     ti_msp_dl_config.o (.text.DL_I2C_reset)
                  00001ca0    00000018     ti_msp_dl_config.o (.text.DL_I2C_setTimerPeriod)
                  00001cb8    00000018     ti_msp_dl_config.o (.text.DL_SYSCTL_setBORThreshold)
                  00001cd0    00000018     ti_msp_dl_config.o (.text.DL_Timer_enablePower)
                  00001ce8    00000018     ti_msp_dl_config.o (.text.DL_Timer_reset)
                  00001d00    00000018     driverlib.a : dl_timer.o (.text.DL_Timer_setCaptureCompareOutCtl)
                  00001d18    00000018     ti_msp_dl_config.o (.text.DL_UART_enablePower)
                  00001d30    00000018     ti_msp_dl_config.o (.text.DL_UART_reset)
                  00001d48    00000018     clock.o (.text.SysTick_Init)
                  00001d60    00000016     oled_hardware_i2c.o (.text.DL_GPIO_readPins)
                  00001d76    00000016     ti_msp_dl_config.o (.text.DL_UART_enable)
                  00001d8c    00000016     libc.a : copy_zero_init.c.obj (.text:decompress:ZI:__TI_zero_init_nomemset)
                  00001da2    00000014     oled_hardware_i2c.o (.text.DL_GPIO_clearPins)
                  00001db6    00000002     --HOLE-- [fill = 0]
                  00001db8    00000014     oled_hardware_i2c.o (.text.DL_I2C_getControllerStatus)
                  00001dcc    00000014     ti_msp_dl_config.o (.text.DL_I2C_resetControllerTransfer)
                  00001de0    00000014     ti_msp_dl_config.o (.text.DL_SYSCTL_disableSYSPLL)
                  00001df4    00000014     ti_msp_dl_config.o (.text.DL_Timer_enableClock)
                  00001e08    00000014     ti_msp_dl_config.o (.text.DL_Timer_setCCPDirection)
                  00001e1c    00000014     main.o (.text.DL_UART_receiveData)
                  00001e30    00000012     main.o (.text.DL_UART_getPendingInterrupt)
                  00001e42    00000012     driverlib.a : dl_uart.o (.text.DL_UART_setClockConfig)
                  00001e54    00000012     libc.a : memcpy16.S.obj (.text:TI_memcpy_small)
                  00001e66    00000012            : copy_decompress_none.c.obj (.text:decompress:none)
                  00001e78    00000010     ti_msp_dl_config.o (.text.DL_SYSCTL_disableHFXT)
                  00001e88    00000010     driverlib.a : dl_timer.o (.text.DL_Timer_setCaptureCompareValue)
                  00001e98    00000010     interrupt.o (.text.SysTick_Handler)
                  00001ea8    00000010     oled_hardware_i2c.o (.text.delay_ms)
                  00001eb8    0000000a     driverlib.a : dl_common.o (.text.DL_Common_delayCycles)
                  00001ec2    0000000a     interrupt.o (.text.GROUP1_IRQHandler)
                  00001ecc    00000008     libclang_rt.builtins.a : aeabi_memcpy.S.obj (.text.__aeabi_memcpy)
                  00001ed4    00000006     libc.a : exit.c.obj (.text:abort)
                  00001eda    00000004     startup_mspm0g350x_ticlang.o (.text.Default_Handler)
                  00001ede    00000004     libsysbm.a : hostexit.c.obj (.text.HOSTexit)
                  00001ee2    00000004     startup_mspm0g350x_ticlang.o (.text.Reset_Handler)
                  00001ee6    00000004     libc.a : pre_init.c.obj (.text._system_pre_init)
                  00001eea    00000006     --HOLE-- [fill = 0]

.cinit     0    00002758    00000038     
                  00002758    00000011     (.cinit..data.load) [load image, compression = lzss]
                  00002769    00000003     --HOLE-- [fill = 0]
                  0000276c    0000000c     (__TI_handler_table)
                  00002778    00000008     (.cinit..bss.load) [load image, compression = zero_init]
                  00002780    00000010     (__TI_cinit_table)

.rodata    0    00001ef0    00000868     
                  00001ef0    000005f0     oled_hardware_i2c.o (.rodata.asc2_1608)
                  000024e0    00000228     oled_hardware_i2c.o (.rodata.asc2_0806)
                  00002708    00000028     ti_msp_dl_config.o (.rodata.gSYSPLLConfig)
                  00002730    0000000a     ti_msp_dl_config.o (.rodata.gUART_OPENMVConfig)
                  0000273a    00000002     ti_msp_dl_config.o (.rodata.gI2C_OLEDClockConfig)
                  0000273c    00000008     ti_msp_dl_config.o (.rodata.gPWM_SERVOConfig)
                  00002744    00000008     main.o (.rodata.str1.15159059442110792349.1)
                  0000274c    00000007     main.o (.rodata.str1.8154729771448623357.1)
                  00002753    00000003     ti_msp_dl_config.o (.rodata.gPWM_SERVOClockConfig)
                  00002756    00000002     ti_msp_dl_config.o (.rodata.gUART_OPENMVClockConfig)

.init_array 
*          0    00000000    00000000     UNINITIALIZED

.binit     0    00000000    00000000     

.bss       0    20200000    000000d4     UNINITIALIZED
                  20200000    000000bc     (.common:gPWM_SERVOBackup)
                  202000bc    00000005     (.common:g_uartRxBuffer)
                  202000c1    00000003     --HOLE--
                  202000c4    00000004     (.common:g_servo_angle_x)
                  202000c8    00000004     (.common:g_servo_angle_y)
                  202000cc    00000004     (.common:start_time)
                  202000d0    00000004     (.common:tick_ms)

.data      0    202000d4    0000002b     UNINITIALIZED
                  202000d4    00000008     main.o (.data.g_current_target)
                  202000dc    00000008     main.o (.data.g_laser_coord)
                  202000e4    00000004     servo.o (.data.error_x)
                  202000e8    00000004     servo.o (.data.error_y)
                  202000ec    00000004     servo.o (.data.integral_x)
                  202000f0    00000004     servo.o (.data.integral_y)
                  202000f4    00000004     servo.o (.data.last_error_x)
                  202000f8    00000004     servo.o (.data.last_error_y)
                  202000fc    00000001     interrupt.o (.data.enable_group1_irq)
                  202000fd    00000001     main.o (.data.g_new_data_received)
                  202000fe    00000001     main.o (.data.g_rxIndex)

.stack     0    20207e00    00000200     UNINITIALIZED
                  20207e00    00000004     libc.a : boot_cortex_m.c.obj (.stack)
                  20207e04    000001fc     --HOLE--

__llvm_prf_cnts 
*          0    20200000    00000000     UNINITIALIZED

__llvm_prf_bits 
*          0    20200000    00000000     UNINITIALIZED

MODULE SUMMARY

       Module                         code   ro data   rw data
       ------                         ----   -------   -------
    .\
       ti_msp_dl_config.o             1686   65        188    
       main.o                         558    15        23     
       startup_mspm0g350x_ticlang.o   8      192       0      
    +--+------------------------------+------+---------+---------+
       Total:                         2252   272       211    
                                                              
    .\Drivers\MSPM0\
       clock.o                        328    0         8      
       interrupt.o                    126    0         1      
    +--+------------------------------+------+---------+---------+
       Total:                         454    0         9      
                                                              
    .\Drivers\OLED_Hardware_I2C\
       oled_hardware_i2c.o            2066   2072      0      
    +--+------------------------------+------+---------+---------+
       Total:                         2066   2072      0      
                                                              
    .\Drivers\SERVO\
       servo.o                        856    0         32     
    +--+------------------------------+------+---------+---------+
       Total:                         856    0         32     
                                                              
    D:/TI/mspm0_sdk_2_05_01_00/source/ti/driverlib/lib/ticlang/m0p/mspm0g1x0x_g3x0x/driverlib.a
       dl_timer.o                     356    0         0      
       dl_sysctl_mspm0g1x0x_g3x0x.o   288    0         0      
       dl_i2c.o                       132    0         0      
       dl_uart.o                      90     0         0      
       dl_common.o                    10     0         0      
    +--+------------------------------+------+---------+---------+
       Total:                         876    0         0      
                                                              
    D:\TI\CCS\ccs\tools\compiler\ti-cgt-armllvm_4.0.3.LTS\lib\armv6m-ti-none-eabi/c/libc.a
       copy_decompress_lzss.c.obj     124    0         0      
       autoinit.c.obj                 60     0         0      
       boot_cortex_m.c.obj            40     0         0      
       copy_zero_init.c.obj           22     0         0      
       copy_decompress_none.c.obj     18     0         0      
       memcpy16.S.obj                 18     0         0      
       exit.c.obj                     6      0         0      
       pre_init.c.obj                 4      0         0      
    +--+------------------------------+------+---------+---------+
       Total:                         292    0         0      
                                                              
    D:\TI\CCS\ccs\tools\compiler\ti-cgt-armllvm_4.0.3.LTS\lib\armv6m-ti-none-eabi/c/libsysbm.a
       hostexit.c.obj                 4      0         0      
    +--+------------------------------+------+---------+---------+
       Total:                         4      0         0      
                                                              
    D:\TI\CCS\ccs\tools\compiler\ti-cgt-armllvm_4.0.3.LTS\lib\armv6m-ti-none-eabi/libclang_rt.builtins.a
       addsf3.S.obj                   216    0         0      
       mulsf3.S.obj                   140    0         0      
       comparesf2.S.obj               118    0         0      
       aeabi_fcmp.S.obj               98     0         0      
       aeabi_idivmod.S.obj            86     0         0      
       aeabi_uidivmod.S.obj           64     0         0      
       floatsisf.S.obj                60     0         0      
       muldsi3.S.obj                  58     0         0      
       fixsfsi.S.obj                  56     0         0      
       aeabi_memcpy.S.obj             8      0         0      
       aeabi_div0.c.obj               2      0         0      
    +--+------------------------------+------+---------+---------+
       Total:                         906    0         0      
                                                              
       Stack:                         0      0         512    
       Linker Generated:              0      53        0      
    +--+------------------------------+------+---------+---------+
       Grand Total:                   7706   2397      764    


LINKER GENERATED COPY TABLES

__TI_cinit_table @ 00002780 records: 2, size/record: 8, table size: 16
	.data: load addr=00002758, load size=00000011 bytes, run addr=202000d4, run size=0000002b bytes, compression=lzss
	.bss: load addr=00002778, load size=00000008 bytes, run addr=20200000, run size=000000d4 bytes, compression=zero_init


LINKER GENERATED HANDLER TABLE

__TI_handler_table @ 0000276c records: 3, size/record: 4, table size: 12
	index: 0, handler: __TI_decompress_lzss
	index: 1, handler: __TI_decompress_none
	index: 2, handler: __TI_zero_init


GLOBAL SYMBOLS: SORTED ALPHABETICALLY BY Name 

address   name                                 
-------   ----                                 
00001edb  ADC0_IRQHandler                      
00001edb  ADC1_IRQHandler                      
00001edb  AES_IRQHandler                       
00001ede  C$$EXIT                              
00001edb  CANFD0_IRQHandler                    
00001edb  DAC0_IRQHandler                      
00001eb9  DL_Common_delayCycles                
00001065  DL_I2C_fillControllerTXFIFO          
0000197f  DL_I2C_setClockConfig                
00000841  DL_SYSCTL_configSYSPLL               
00001351  DL_SYSCTL_switchMCLKfromSYSOSCtoHSCLK
00000561  DL_Timer_initFourCCPWMMode           
00001ac9  DL_Timer_setCaptCompUpdateMethod     
00001d01  DL_Timer_setCaptureCompareOutCtl     
00001e89  DL_Timer_setCaptureCompareValue      
00001ae5  DL_Timer_setClockConfig              
00001309  DL_UART_init                         
00001e43  DL_UART_setClockConfig               
00001edb  DMA_IRQHandler                       
00001edb  Default_Handler                      
00001edb  GROUP0_IRQHandler                    
00001ec3  GROUP1_IRQHandler                    
00001edf  HOSTexit                             
00001edb  HardFault_Handler                    
00001edb  I2C0_IRQHandler                      
00001edb  I2C1_IRQHandler                      
00001b1d  Interrupt_Init                       
00001edb  NMI_Handler                          
00000e69  OLED_Clear                           
00000451  OLED_Init                            
0000150d  OLED_Set_Pos                         
00000339  OLED_ShowChar                        
00000665  OLED_ShowNum                         
00000df9  OLED_ShowString                      
00000ac1  OLED_WR_Byte                         
00001edb  PendSV_Handler                       
00001edb  RTC_IRQHandler                       
00001ee3  Reset_Handler                        
00001edb  SPI0_IRQHandler                      
00001edb  SPI1_IRQHandler                      
00001edb  SVC_Handler                          
00000c75  SYSCFG_DL_GPIO_init                  
00001121  SYSCFG_DL_I2C_OLED_init              
00000b59  SYSCFG_DL_PWM_SERVO_init             
00001549  SYSCFG_DL_SYSCTL_init                
000012bd  SYSCFG_DL_UART_OPENMV_init           
00001909  SYSCFG_DL_init                       
00000ed5  SYSCFG_DL_initPower                  
00000f3d  Servo_PID_Init                       
000000c1  Servo_TrackPID                       
000013d9  Servo_xSetAngle                      
00001585  Servo_ySetAngle                      
00001e99  SysTick_Handler                      
00001d49  SysTick_Init                         
00001edb  TIMA0_IRQHandler                     
00001edb  TIMA1_IRQHandler                     
00001edb  TIMG0_IRQHandler                     
00001edb  TIMG12_IRQHandler                    
00001edb  TIMG6_IRQHandler                     
00001edb  TIMG7_IRQHandler                     
00001edb  TIMG8_IRQHandler                     
00001e55  TI_memcpy_small                      
00001edb  UART0_IRQHandler                     
00001edb  UART1_IRQHandler                     
000009f5  UART2_IRQHandler                     
00001edb  UART3_IRQHandler                     
20208000  __STACK_END                          
00000200  __STACK_SIZE                         
00000000  __TI_ATRegion0_region_sz             
00000000  __TI_ATRegion0_src_addr              
00000000  __TI_ATRegion0_trg_addr              
00000000  __TI_ATRegion1_region_sz             
00000000  __TI_ATRegion1_src_addr              
00000000  __TI_ATRegion1_trg_addr              
00000000  __TI_ATRegion2_region_sz             
00000000  __TI_ATRegion2_src_addr              
00000000  __TI_ATRegion2_trg_addr              
00002780  __TI_CINIT_Base                      
00002790  __TI_CINIT_Limit                     
00002790  __TI_CINIT_Warm                      
0000276c  __TI_Handler_Table_Base              
00002778  __TI_Handler_Table_Limit             
00001639  __TI_auto_init_nobinit_nopinit       
00000d7d  __TI_decompress_lzss                 
00001e67  __TI_decompress_none                 
ffffffff  __TI_pprof_out_hndl                  
ffffffff  __TI_prof_data_size                  
ffffffff  __TI_prof_data_start                 
00000000  __TI_static_base__                   
00001d8d  __TI_zero_init_nomemset              
00000927  __addsf3                             
000016ed  __aeabi_f2iz                         
00000927  __aeabi_fadd                         
00000fa1  __aeabi_fcmpeq                       
00000fdd  __aeabi_fcmpge                       
00000ff1  __aeabi_fcmpgt                       
00000fc9  __aeabi_fcmple                       
00000fb5  __aeabi_fcmplt                       
00000be9  __aeabi_fmul                         
0000091d  __aeabi_fsub                         
000015c1  __aeabi_i2f                          
00001179  __aeabi_idiv                         
0000075b  __aeabi_idiv0                        
00001179  __aeabi_idivmod                      
00001ecd  __aeabi_memcpy                       
00001ecd  __aeabi_memcpy4                      
00001ecd  __aeabi_memcpy8                      
00001419  __aeabi_uidiv                        
00001419  __aeabi_uidivmod                     
ffffffff  __binit__                            
00001675  __cmpsf2                             
00001675  __eqsf2                              
000016ed  __fixsfsi                            
000015c1  __floatsisf                          
000015fd  __gesf2                              
000015fd  __gtsf2                              
00001675  __lesf2                              
00001675  __ltsf2                              
UNDEFED   __mpu_init                           
000016b1  __muldsi3                            
00000be9  __mulsf3                             
00001675  __nesf2                              
20207e00  __stack                              
20200000  __start___llvm_prf_bits              
20200000  __start___llvm_prf_cnts              
20200000  __stop___llvm_prf_bits               
20200000  __stop___llvm_prf_cnts               
0000091d  __subsf3                             
00001931  _c_int00_noargs                      
UNDEFED   _system_post_cinit                   
00001ee7  _system_pre_init                     
00001ed5  abort                                
000024e0  asc2_0806                            
00001ef0  asc2_1608                            
ffffffff  binit                                
00001ea9  delay_ms                             
202000fc  enable_group1_irq                    
202000e4  error_x                              
202000e8  error_y                              
20200000  gPWM_SERVOBackup                     
202000d4  g_current_target                     
202000dc  g_laser_coord                        
202000fd  g_new_data_received                  
202000fe  g_rxIndex                            
202000c4  g_servo_angle_x                      
202000c8  g_servo_angle_y                      
202000bc  g_uartRxBuffer                       
202000ec  integral_x                           
202000f0  integral_y                           
00000000  interruptVectors                     
202000f4  last_error_x                         
202000f8  last_error_y                         
0000075d  main                                 
00001759  mspm0_delay_ms                       
0000183d  mspm0_get_clock_ms                   
00001005  oled_i2c_sda_unlock                  
00001789  oled_pow                             
202000cc  start_time                           
202000d0  tick_ms                              


GLOBAL SYMBOLS: SORTED BY Symbol Address 

address   name                                 
-------   ----                                 
00000000  __TI_ATRegion0_region_sz             
00000000  __TI_ATRegion0_src_addr              
00000000  __TI_ATRegion0_trg_addr              
00000000  __TI_ATRegion1_region_sz             
00000000  __TI_ATRegion1_src_addr              
00000000  __TI_ATRegion1_trg_addr              
00000000  __TI_ATRegion2_region_sz             
00000000  __TI_ATRegion2_src_addr              
00000000  __TI_ATRegion2_trg_addr              
00000000  __TI_static_base__                   
00000000  interruptVectors                     
000000c1  Servo_TrackPID                       
00000200  __STACK_SIZE                         
00000339  OLED_ShowChar                        
00000451  OLED_Init                            
00000561  DL_Timer_initFourCCPWMMode           
00000665  OLED_ShowNum                         
0000075b  __aeabi_idiv0                        
0000075d  main                                 
00000841  DL_SYSCTL_configSYSPLL               
0000091d  __aeabi_fsub                         
0000091d  __subsf3                             
00000927  __addsf3                             
00000927  __aeabi_fadd                         
000009f5  UART2_IRQHandler                     
00000ac1  OLED_WR_Byte                         
00000b59  SYSCFG_DL_PWM_SERVO_init             
00000be9  __aeabi_fmul                         
00000be9  __mulsf3                             
00000c75  SYSCFG_DL_GPIO_init                  
00000d7d  __TI_decompress_lzss                 
00000df9  OLED_ShowString                      
00000e69  OLED_Clear                           
00000ed5  SYSCFG_DL_initPower                  
00000f3d  Servo_PID_Init                       
00000fa1  __aeabi_fcmpeq                       
00000fb5  __aeabi_fcmplt                       
00000fc9  __aeabi_fcmple                       
00000fdd  __aeabi_fcmpge                       
00000ff1  __aeabi_fcmpgt                       
00001005  oled_i2c_sda_unlock                  
00001065  DL_I2C_fillControllerTXFIFO          
00001121  SYSCFG_DL_I2C_OLED_init              
00001179  __aeabi_idiv                         
00001179  __aeabi_idivmod                      
000012bd  SYSCFG_DL_UART_OPENMV_init           
00001309  DL_UART_init                         
00001351  DL_SYSCTL_switchMCLKfromSYSOSCtoHSCLK
000013d9  Servo_xSetAngle                      
00001419  __aeabi_uidiv                        
00001419  __aeabi_uidivmod                     
0000150d  OLED_Set_Pos                         
00001549  SYSCFG_DL_SYSCTL_init                
00001585  Servo_ySetAngle                      
000015c1  __aeabi_i2f                          
000015c1  __floatsisf                          
000015fd  __gesf2                              
000015fd  __gtsf2                              
00001639  __TI_auto_init_nobinit_nopinit       
00001675  __cmpsf2                             
00001675  __eqsf2                              
00001675  __lesf2                              
00001675  __ltsf2                              
00001675  __nesf2                              
000016b1  __muldsi3                            
000016ed  __aeabi_f2iz                         
000016ed  __fixsfsi                            
00001759  mspm0_delay_ms                       
00001789  oled_pow                             
0000183d  mspm0_get_clock_ms                   
00001909  SYSCFG_DL_init                       
00001931  _c_int00_noargs                      
0000197f  DL_I2C_setClockConfig                
00001ac9  DL_Timer_setCaptCompUpdateMethod     
00001ae5  DL_Timer_setClockConfig              
00001b1d  Interrupt_Init                       
00001d01  DL_Timer_setCaptureCompareOutCtl     
00001d49  SysTick_Init                         
00001d8d  __TI_zero_init_nomemset              
00001e43  DL_UART_setClockConfig               
00001e55  TI_memcpy_small                      
00001e67  __TI_decompress_none                 
00001e89  DL_Timer_setCaptureCompareValue      
00001e99  SysTick_Handler                      
00001ea9  delay_ms                             
00001eb9  DL_Common_delayCycles                
00001ec3  GROUP1_IRQHandler                    
00001ecd  __aeabi_memcpy                       
00001ecd  __aeabi_memcpy4                      
00001ecd  __aeabi_memcpy8                      
00001ed5  abort                                
00001edb  ADC0_IRQHandler                      
00001edb  ADC1_IRQHandler                      
00001edb  AES_IRQHandler                       
00001edb  CANFD0_IRQHandler                    
00001edb  DAC0_IRQHandler                      
00001edb  DMA_IRQHandler                       
00001edb  Default_Handler                      
00001edb  GROUP0_IRQHandler                    
00001edb  HardFault_Handler                    
00001edb  I2C0_IRQHandler                      
00001edb  I2C1_IRQHandler                      
00001edb  NMI_Handler                          
00001edb  PendSV_Handler                       
00001edb  RTC_IRQHandler                       
00001edb  SPI0_IRQHandler                      
00001edb  SPI1_IRQHandler                      
00001edb  SVC_Handler                          
00001edb  TIMA0_IRQHandler                     
00001edb  TIMA1_IRQHandler                     
00001edb  TIMG0_IRQHandler                     
00001edb  TIMG12_IRQHandler                    
00001edb  TIMG6_IRQHandler                     
00001edb  TIMG7_IRQHandler                     
00001edb  TIMG8_IRQHandler                     
00001edb  UART0_IRQHandler                     
00001edb  UART1_IRQHandler                     
00001edb  UART3_IRQHandler                     
00001ede  C$$EXIT                              
00001edf  HOSTexit                             
00001ee3  Reset_Handler                        
00001ee7  _system_pre_init                     
00001ef0  asc2_1608                            
000024e0  asc2_0806                            
0000276c  __TI_Handler_Table_Base              
00002778  __TI_Handler_Table_Limit             
00002780  __TI_CINIT_Base                      
00002790  __TI_CINIT_Limit                     
00002790  __TI_CINIT_Warm                      
20200000  __start___llvm_prf_bits              
20200000  __start___llvm_prf_cnts              
20200000  __stop___llvm_prf_bits               
20200000  __stop___llvm_prf_cnts               
20200000  gPWM_SERVOBackup                     
202000bc  g_uartRxBuffer                       
202000c4  g_servo_angle_x                      
202000c8  g_servo_angle_y                      
202000cc  start_time                           
202000d0  tick_ms                              
202000d4  g_current_target                     
202000dc  g_laser_coord                        
202000e4  error_x                              
202000e8  error_y                              
202000ec  integral_x                           
202000f0  integral_y                           
202000f4  last_error_x                         
202000f8  last_error_y                         
202000fc  enable_group1_irq                    
202000fd  g_new_data_received                  
202000fe  g_rxIndex                            
20207e00  __stack                              
20208000  __STACK_END                          
ffffffff  __TI_pprof_out_hndl                  
ffffffff  __TI_prof_data_size                  
ffffffff  __TI_prof_data_start                 
ffffffff  __binit__                            
ffffffff  binit                                
UNDEFED   __mpu_init                           
UNDEFED   _system_post_cinit                   

[159 symbols]
